Archive member included to satisfy reference by file (symbol)

C:/ST/STM32CubeCLT_1.17.0/GNU-tools-for-STM32/bin/../lib/gcc/arm-none-eabi/12.3.1/../../../../arm-none-eabi/lib/thumb/v7e-m+fp/hard\libc_nano.a(libc_a-exit.o)
                              C:/ST/STM32CubeCLT_1.17.0/GNU-tools-for-STM32/bin/../lib/gcc/arm-none-eabi/12.3.1/../../../../arm-none-eabi/lib/thumb/v7e-m+fp/hard/crt0.o (exit)
C:/ST/STM32CubeCLT_1.17.0/GNU-tools-for-STM32/bin/../lib/gcc/arm-none-eabi/12.3.1/../../../../arm-none-eabi/lib/thumb/v7e-m+fp/hard\libc_nano.a(libc_a-nano-vfprintf_float.o)
                              (_printf_float)
C:/ST/STM32CubeCLT_1.17.0/GNU-tools-for-STM32/bin/../lib/gcc/arm-none-eabi/12.3.1/../../../../arm-none-eabi/lib/thumb/v7e-m+fp/hard\libc_nano.a(libc_a-nano-vfprintf_i.o)
                              C:/ST/STM32CubeCLT_1.17.0/GNU-tools-for-STM32/bin/../lib/gcc/arm-none-eabi/12.3.1/../../../../arm-none-eabi/lib/thumb/v7e-m+fp/hard\libc_nano.a(libc_a-nano-vfprintf_float.o) (_printf_common)
C:/ST/STM32CubeCLT_1.17.0/GNU-tools-for-STM32/bin/../lib/gcc/arm-none-eabi/12.3.1/../../../../arm-none-eabi/lib/thumb/v7e-m+fp/hard\libc_nano.a(libc_a-findfp.o)
                              C:/ST/STM32CubeCLT_1.17.0/GNU-tools-for-STM32/bin/../lib/gcc/arm-none-eabi/12.3.1/../../../../arm-none-eabi/lib/thumb/v7e-m+fp/hard\libc_nano.a(libc_a-exit.o) (__stdio_exit_handler)
C:/ST/STM32CubeCLT_1.17.0/GNU-tools-for-STM32/bin/../lib/gcc/arm-none-eabi/12.3.1/../../../../arm-none-eabi/lib/thumb/v7e-m+fp/hard\libc_nano.a(libc_a-fwalk.o)
                              C:/ST/STM32CubeCLT_1.17.0/GNU-tools-for-STM32/bin/../lib/gcc/arm-none-eabi/12.3.1/../../../../arm-none-eabi/lib/thumb/v7e-m+fp/hard\libc_nano.a(libc_a-findfp.o) (_fwalk_sglue)
C:/ST/STM32CubeCLT_1.17.0/GNU-tools-for-STM32/bin/../lib/gcc/arm-none-eabi/12.3.1/../../../../arm-none-eabi/lib/thumb/v7e-m+fp/hard\libc_nano.a(libc_a-stdio.o)
                              C:/ST/STM32CubeCLT_1.17.0/GNU-tools-for-STM32/bin/../lib/gcc/arm-none-eabi/12.3.1/../../../../arm-none-eabi/lib/thumb/v7e-m+fp/hard\libc_nano.a(libc_a-findfp.o) (__sread)
C:/ST/STM32CubeCLT_1.17.0/GNU-tools-for-STM32/bin/../lib/gcc/arm-none-eabi/12.3.1/../../../../arm-none-eabi/lib/thumb/v7e-m+fp/hard\libc_nano.a(libc_a-memset.o)
                              C:/ST/STM32CubeCLT_1.17.0/GNU-tools-for-STM32/bin/../lib/gcc/arm-none-eabi/12.3.1/../../../../arm-none-eabi/lib/thumb/v7e-m+fp/hard/crt0.o (memset)
C:/ST/STM32CubeCLT_1.17.0/GNU-tools-for-STM32/bin/../lib/gcc/arm-none-eabi/12.3.1/../../../../arm-none-eabi/lib/thumb/v7e-m+fp/hard\libc_nano.a(libc_a-localeconv.o)
                              C:/ST/STM32CubeCLT_1.17.0/GNU-tools-for-STM32/bin/../lib/gcc/arm-none-eabi/12.3.1/../../../../arm-none-eabi/lib/thumb/v7e-m+fp/hard\libc_nano.a(libc_a-nano-vfprintf_float.o) (_localeconv_r)
C:/ST/STM32CubeCLT_1.17.0/GNU-tools-for-STM32/bin/../lib/gcc/arm-none-eabi/12.3.1/../../../../arm-none-eabi/lib/thumb/v7e-m+fp/hard\libc_nano.a(libc_a-closer.o)
                              C:/ST/STM32CubeCLT_1.17.0/GNU-tools-for-STM32/bin/../lib/gcc/arm-none-eabi/12.3.1/../../../../arm-none-eabi/lib/thumb/v7e-m+fp/hard\libc_nano.a(libc_a-stdio.o) (_close_r)
C:/ST/STM32CubeCLT_1.17.0/GNU-tools-for-STM32/bin/../lib/gcc/arm-none-eabi/12.3.1/../../../../arm-none-eabi/lib/thumb/v7e-m+fp/hard\libc_nano.a(libc_a-reent.o)
                              C:/ST/STM32CubeCLT_1.17.0/GNU-tools-for-STM32/bin/../lib/gcc/arm-none-eabi/12.3.1/../../../../arm-none-eabi/lib/thumb/v7e-m+fp/hard\libc_nano.a(libc_a-closer.o) (errno)
C:/ST/STM32CubeCLT_1.17.0/GNU-tools-for-STM32/bin/../lib/gcc/arm-none-eabi/12.3.1/../../../../arm-none-eabi/lib/thumb/v7e-m+fp/hard\libc_nano.a(libc_a-impure.o)
                              C:/ST/STM32CubeCLT_1.17.0/GNU-tools-for-STM32/bin/../lib/gcc/arm-none-eabi/12.3.1/../../../../arm-none-eabi/lib/thumb/v7e-m+fp/hard\libc_nano.a(libc_a-reent.o) (_impure_ptr)
C:/ST/STM32CubeCLT_1.17.0/GNU-tools-for-STM32/bin/../lib/gcc/arm-none-eabi/12.3.1/../../../../arm-none-eabi/lib/thumb/v7e-m+fp/hard\libc_nano.a(libc_a-lseekr.o)
                              C:/ST/STM32CubeCLT_1.17.0/GNU-tools-for-STM32/bin/../lib/gcc/arm-none-eabi/12.3.1/../../../../arm-none-eabi/lib/thumb/v7e-m+fp/hard\libc_nano.a(libc_a-stdio.o) (_lseek_r)
C:/ST/STM32CubeCLT_1.17.0/GNU-tools-for-STM32/bin/../lib/gcc/arm-none-eabi/12.3.1/../../../../arm-none-eabi/lib/thumb/v7e-m+fp/hard\libc_nano.a(libc_a-readr.o)
                              C:/ST/STM32CubeCLT_1.17.0/GNU-tools-for-STM32/bin/../lib/gcc/arm-none-eabi/12.3.1/../../../../arm-none-eabi/lib/thumb/v7e-m+fp/hard\libc_nano.a(libc_a-stdio.o) (_read_r)
C:/ST/STM32CubeCLT_1.17.0/GNU-tools-for-STM32/bin/../lib/gcc/arm-none-eabi/12.3.1/../../../../arm-none-eabi/lib/thumb/v7e-m+fp/hard\libc_nano.a(libc_a-writer.o)
[...]
Memory Configuration

Name             Origin             Length             Attributes
RAM              0x20000000         0x00020000         xrw
FLASH            0x08000000         0x00080000         xr
*default*        0x00000000         0xffffffff

Linker script and memory map

LOAD C:/ST/STM32CubeCLT_1.17.0/GNU-tools-for-STM32/bin/../lib/gcc/arm-none-eabi/12.3.1/thumb/v7e-m+fp/hard/crti.o
LOAD C:/ST/STM32CubeCLT_1.17.0/GNU-tools-for-STM32/bin/../lib/gcc/arm-none-eabi/12.3.1/thumb/v7e-m+fp/hard/crtbegin.o
LOAD C:/ST/STM32CubeCLT_1.17.0/GNU-tools-for-STM32/bin/../lib/gcc/arm-none-eabi/12.3.1/../../../../arm-none-eabi/lib/thumb/v7e-m+fp/hard/crt0.o
START GROUP
LOAD C:/ST/STM32CubeCLT_1.17.0/GNU-tools-for-STM32/bin/../lib/gcc/arm-none-eabi/12.3.1/../../../../arm-none-eabi/lib/thumb/v7e-m+fp/hard\libc_nano.a
LOAD C:/ST/STM32CubeCLT_1.17.0/GNU-tools-for-STM32/bin/../lib/gcc/arm-none-eabi/12.3.1/../../../../arm-none-eabi/lib/thumb/v7e-m+fp/hard\libm.a
END GROUP
LOAD CMakeFiles/PMIK.dir/Core/Src/LCD_HD44780.c.obj
LOAD CMakeFiles/PMIK.dir/Core/Src/delays.c.obj
LOAD CMakeFiles/PMIK.dir/Core/Src/main.c.obj
LOAD CMakeFiles/PMIK.dir/Core/Src/bmp280.c.obj
LOAD CMakeFiles/PMIK.dir/Core/Src/printer.c.obj
LOAD CMakeFiles/PMIK.dir/Core/Src/display.c.obj
LOAD CMakeFiles/PMIK.dir/Core/Src/encoder.c.obj
LOAD CMakeFiles/PMIK.dir/Core/Src/socket.c.obj
LOAD CMakeFiles/PMIK.dir/Core/Src/w5500.c.obj
LOAD CMakeFiles/PMIK.dir/Core/Src/wizchip_conf.c.obj
LOAD CMakeFiles/PMIK.dir/Core/Src/httpServer.c.obj
LOAD CMakeFiles/PMIK.dir/Core/Src/httpParser.c.obj
LOAD CMakeFiles/PMIK.dir/Core/Src/httpUtil.c.obj
LOAD CMakeFiles/PMIK.dir/Core/Src/dhcp.c.obj
LOAD CMakeFiles/PMIK.dir/Core/Src/gpio.c.obj
LOAD CMakeFiles/PMIK.dir/Core/Src/i2c.c.obj
LOAD CMakeFiles/PMIK.dir/Core/Src/spi.c.obj
LOAD CMakeFiles/PMIK.dir/Core/Src/tim.c.obj
LOAD CMakeFiles/PMIK.dir/Core/Src/usart.c.obj
LOAD CMakeFiles/PMIK.dir/Core/Src/stm32f4xx_it.c.obj
LOAD CMakeFiles/PMIK.dir/Core/Src/stm32f4xx_hal_msp.c.obj
LOAD CMakeFiles/PMIK.dir/Drivers/STM32F4xx_HAL_Driver/Src/stm32f4xx_hal_i2c.c.obj
LOAD CMakeFiles/PMIK.dir/Drivers/STM32F4xx_HAL_Driver/Src/stm32f4xx_hal_i2c_ex.c.obj
LOAD CMakeFiles/PMIK.dir/Drivers/STM32F4xx_HAL_Driver/Src/stm32f4xx_hal_rcc.c.obj
LOAD CMakeFiles/PMIK.dir/Drivers/STM32F4xx_HAL_Driver/Src/stm32f4xx_hal_rcc_ex.c.obj
LOAD CMakeFiles/PMIK.dir/Drivers/STM32F4xx_HAL_Driver/Src/stm32f4xx_hal_flash.c.obj
LOAD CMakeFiles/PMIK.dir/Drivers/STM32F4xx_HAL_Driver/Src/stm32f4xx_hal_flash_ex.c.obj
LOAD CMakeFiles/PMIK.dir/Drivers/STM32F4xx_HAL_Driver/Src/stm32f4xx_hal_flash_ramfunc.c.obj
LOAD CMakeFiles/PMIK.dir/Drivers/STM32F4xx_HAL_Driver/Src/stm32f4xx_hal_gpio.c.obj
LOAD CMakeFiles/PMIK.dir/Drivers/STM32F4xx_HAL_Driver/Src/stm32f4xx_hal_dma_ex.c.obj
LOAD CMakeFiles/PMIK.dir/Drivers/STM32F4xx_HAL_Driver/Src/stm32f4xx_hal_dma.c.obj
LOAD CMakeFiles/PMIK.dir/Drivers/STM32F4xx_HAL_Driver/Src/stm32f4xx_hal_pwr.c.obj
LOAD CMakeFiles/PMIK.dir/Drivers/STM32F4xx_HAL_Driver/Src/stm32f4xx_hal_pwr_ex.c.obj
LOAD CMakeFiles/PMIK.dir/Drivers/STM32F4xx_HAL_Driver/Src/stm32f4xx_hal_cortex.c.obj
LOAD CMakeFiles/PMIK.dir/Drivers/STM32F4xx_HAL_Driver/Src/stm32f4xx_hal.c.obj
LOAD CMakeFiles/PMIK.dir/Drivers/STM32F4xx_HAL_Driver/Src/stm32f4xx_hal_exti.c.obj
LOAD CMakeFiles/PMIK.dir/Drivers/STM32F4xx_HAL_Driver/Src/stm32f4xx_hal_spi.c.obj
LOAD CMakeFiles/PMIK.dir/Drivers/STM32F4xx_HAL_Driver/Src/stm32f4xx_hal_tim.c.obj
LOAD CMakeFiles/PMIK.dir/Drivers/STM32F4xx_HAL_Driver/Src/stm32f4xx_hal_tim_ex.c.obj
LOAD CMakeFiles/PMIK.dir/Drivers/STM32F4xx_HAL_Driver/Src/stm32f4xx_hal_uart.c.obj
LOAD CMakeFiles/PMIK.dir/Core/Src/system_stm32f4xx.c.obj
LOAD CMakeFiles/PMIK.dir/Core/Src/sysmem.c.obj
LOAD CMakeFiles/PMIK.dir/Core/Src/syscalls.c.obj
LOAD CMakeFiles/PMIK.dir/startup_stm32f411xe.s.obj
START GROUP
LOAD C:/ST/STM32CubeCLT_1.17.0/GNU-tools-for-STM32/bin/../lib/gcc/arm-none-eabi/12.3.1/thumb/v7e-m+fp/hard\libgcc.a
LOAD C:/ST/STM32CubeCLT_1.17.0/GNU-tools-for-STM32/bin/../lib/gcc/arm-none-eabi/12.3.1/../../../../arm-none-eabi/lib/thumb/v7e-m+fp/hard\libg_nano.a
LOAD C:/ST/STM32CubeCLT_1.17.0/GNU-tools-for-STM32/bin/../lib/gcc/arm-none-eabi/12.3.1/../../../../arm-none-eabi/lib/thumb/v7e-m+fp/hard\libc_nano.a
END GROUP
START GROUP
LOAD C:/ST/STM32CubeCLT_1.17.0/GNU-tools-for-STM32/bin/../lib/gcc/arm-none-eabi/12.3.1/thumb/v7e-m+fp/hard\libgcc.a
LOAD C:/ST/STM32CubeCLT_1.17.0/GNU-tools-for-STM32/bin/../lib/gcc/arm-none-eabi/12.3.1/../../../../arm-none-eabi/lib/thumb/v7e-m+fp/hard\libc_nano.a
END GROUP
LOAD C:/ST/STM32CubeCLT_1.17.0/GNU-tools-for-STM32/bin/../lib/gcc/arm-none-eabi/12.3.1/thumb/v7e-m+fp/hard/crtend.o
LOAD C:/ST/STM32CubeCLT_1.17.0/GNU-tools-for-STM32/bin/../lib/gcc/arm-none-eabi/12.3.1/thumb/v7e-m+fp/hard/crtn.o
                0x20020000                        _estack = (ORIGIN (RAM) + LENGTH (RAM))
                0x00000200                        _Min_Heap_Size = 0x200
                0x00000400                        _Min_Stack_Size = 0x400

.isr_vector     0x08000000      0x198
                0x08000000                        . = ALIGN (0x4)
 *(.isr_vector)
 .isr_vector    0x08000000      0x198 CMakeFiles/PMIK.dir/startup_stm32f411xe.s.obj
                0x08000000                g_pfnVectors
                0x08000198                        . = ALIGN (0x4)

.text           0x080001a0    0x1022c
                0x080001a0                        . = ALIGN (0x4)
 *(.text)
 .text          0x080001a0       0x40 C:/ST/STM32CubeCLT_1.17.0/GNU-tools-for-STM32/bin/../lib/gcc/arm-none-eabi/12.3.1/thumb/v7e-m+fp/hard/crtbegin.o
 .text          0x080001e0       0xa0 C:/ST/STM32CubeCLT_1.17.0/GNU-tools-for-STM32/bin/../lib/gcc/arm-none-eabi/12.3.1/../../../../arm-none-eabi/lib/thumb/v7e-m+fp/hard\libc_nano.a(libc_a-memchr.o)
                0x080001e0                memchr
 .text          0x08000280       0x10 C:/ST/STM32CubeCLT_1.17.0/GNU-tools-for-STM32/bin/../lib/gcc/arm-none-eabi/12.3.1/../../../../arm-none-eabi/lib/thumb/v7e-m+fp/hard\libc_nano.a(libc_a-strlen.o)
                0x08000280                strlen
 .text          0x08000290       0x14 C:/ST/STM32CubeCLT_1.17.0/GNU-tools-for-STM32/bin/../lib/gcc/arm-none-eabi/12.3.1/../../../../arm-none-eabi/lib/thumb/v7e-m+fp/hard\libc_nano.a(libc_a-strcmp.o)
                0x08000290                strcmp
 .text          0x080002a4      0x378 C:/ST/STM32CubeCLT_1.17.0/GNU-tools-for-STM32/bin/../lib/gcc/arm-none-eabi/12.3.1/thumb/v7e-m+fp/hard\libgcc.a(_arm_addsubdf3.o)
                0x080002a4                __aeabi_drsub
                0x080002ac                __aeabi_dsub
                0x080002ac                __subdf3
                0x080002b0                __aeabi_dadd
                0x080002b0                __adddf3
                0x08000528                __floatunsidf
                0x08000528                __aeabi_ui2d
                0x08000548                __floatsidf
                0x08000548                __aeabi_i2d
                0x0800056c                __aeabi_f2d
                0x0800056c                __extendsfdf2
                0x080005b0                __floatundidf
                0x080005b0                __aeabi_ul2d
                0x080005c0                __floatdidf
                0x080005c0                __aeabi_l2d
 .text          0x0800061c      0x424 C:/ST/STM32CubeCLT_1.17.0/GNU-tools-for-STM32/bin/../lib/gcc/arm-none-eabi/12.3.1/thumb/v7e-m+fp/hard\libgcc.a(_arm_muldivdf3.o)
                0x0800061c                __aeabi_dmul
                0x0800061c                __muldf3
                0x08000870                __divdf3
                0x08000870                __aeabi_ddiv
 .text          0x08000a40      0x110 C:/ST/STM32CubeCLT_1.17.0/GNU-tools-for-STM32/bin/../lib/gcc/arm-none-eabi/12.3.1/thumb/v7e-m+fp/hard\libgcc.a(_arm_cmpdf2.o)
                0x08000a40                __gtdf2
                0x08000a40                __gedf2
                0x08000a48                __ltdf2
                0x08000a48                __ledf2
                0x08000a50                __nedf2
                0x08000a50                __eqdf2
                0x08000a50                __cmpdf2
                0x08000acc                __aeabi_cdrcmple
                0x08000adc                __aeabi_cdcmpeq
                0x08000adc                __aeabi_cdcmple
                0x08000aec                __aeabi_dcmpeq
                0x08000b00                __aeabi_dcmplt
                0x08000b14                __aeabi_dcmple
                0x08000b28                __aeabi_dcmpge
                0x08000b3c                __aeabi_dcmpgt
 .text          0x08000b50       0x2c C:/ST/STM32CubeCLT_1.17.0/GNU-tools-for-STM32/bin/../lib/gcc/arm-none-eabi/12.3.1/thumb/v7e-m+fp/hard\libgcc.a(_arm_unorddf2.o)
                0x08000b50                __unorddf2
                0x08000b50                __aeabi_dcmpun
 .text          0x08000b7c       0x50 C:/ST/STM32CubeCLT_1.17.0/GNU-tools-for-STM32/bin/../lib/gcc/arm-none-eabi/12.3.1/thumb/v7e-m+fp/hard\libgcc.a(_arm_fixdfsi.o)
                0x08000b7c                __aeabi_d2iz
                0x08000b7c                __fixdfsi
 .text          0x08000bcc       0xa0 C:/ST/STM32CubeCLT_1.17.0/GNU-tools-for-STM32/bin/../lib/gcc/arm-none-eabi/12.3.1/thumb/v7e-m+fp/hard\libgcc.a(_aeabi_ldivmod.o)
                0x08000bcc                __aeabi_ldivmod
 .text          0x08000c6c       0x30 C:/ST/STM32CubeCLT_1.17.0/GNU-tools-for-STM32/bin/../lib/gcc/arm-none-eabi/12.3.1/thumb/v7e-m+fp/hard\libgcc.a(_aeabi_uldivmod.o)
                0x08000c6c                __aeabi_uldivmod
 .text          0x08000c9c      0x2bc C:/ST/STM32CubeCLT_1.17.0/GNU-tools-for-STM32/bin/../lib/gcc/arm-none-eabi/12.3.1/thumb/v7e-m+fp/hard\libgcc.a(_udivmoddi4.o)
                0x08000c9c                __udivmoddi4
 .text          0x08000f58        0x4 C:/ST/STM32CubeCLT_1.17.0/GNU-tools-for-STM32/bin/../lib/gcc/arm-none-eabi/12.3.1/thumb/v7e-m+fp/hard\libgcc.a(_dvmd_tls.o)
                0x08000f58                __aeabi_idiv0
                0x08000f58                __aeabi_ldiv0
 *(.text*)
 .text.__cvt    0x08000f5c       0xca C:/ST/STM32CubeCLT_1.17.0/GNU-tools-for-STM32/bin/../lib/gcc/arm-none-eabi/12.3.1/../../../../arm-none-eabi/lib/thumb/v7e-m+fp/hard\libc_nano.a(libc_a-nano-vfprintf_float.o)
                0x08000f5c                __cvt
 .text.__exponent
                0x08001026       0x74 C:/ST/STM32CubeCLT_1.17.0/GNU-tools-for-STM32/bin/../lib/gcc/arm-none-eabi/12.3.1/../../../../arm-none-eabi/lib/thumb/v7e-m+fp/hard\libc_nano.a(libc_a-nano-vfprintf_float.o)
                0x08001026                __exponent
 *fill*         0x0800109a        0x2 
 .text._printf_float
                0x0800109c      0x454 C:/ST/STM32CubeCLT_1.17.0/GNU-tools-for-STM32/bin/../lib/gcc/arm-none-eabi/12.3.1/../../../../arm-none-eabi/lib/thumb/v7e-m+fp/hard\libc_nano.a(libc_a-nano-vfprintf_float.o)
                0x0800109c                _printf_float
 .text._printf_common
                0x080014f0       0xda C:/ST/STM32CubeCLT_1.17.0/GNU-tools-for-STM32/bin/../lib/gcc/arm-none-eabi/12.3.1/../../../../arm-none-eabi/lib/thumb/v7e-m+fp/hard\libc_nano.a(libc_a-nano-vfprintf_i.o)
                0x080014f0                _printf_common
 *fill*         0x080015ca        0x2 
 .text._printf_i
                0x080015cc      0x240 C:/ST/STM32CubeCLT_1.17.0/GNU-tools-for-STM32/bin/../lib/gcc/arm-none-eabi/12.3.1/../../../../arm-none-eabi/lib/thumb/v7e-m+fp/hard\libc_nano.a(libc_a-nano-vfprintf_i.o)
                0x080015cc                _printf_i
 .text.std      0x0800180c       0x6c C:/ST/STM32CubeCLT_1.17.0/GNU-tools-for-STM32/bin/../lib/gcc/arm-none-eabi/12.3.1/../../../../arm-none-eabi/lib/thumb/v7e-m+fp/hard\libc_nano.a(libc_a-findfp.o)
 .text.stdio_exit_handler
                0x08001878       0x18 C:/ST/STM32CubeCLT_1.17.0/GNU-tools-for-STM32/bin/../lib/gcc/arm-none-eabi/12.3.1/../../../../arm-none-eabi/lib/thumb/v7e-m+fp/hard\libc_nano.a(libc_a-findfp.o)
 .text.cleanup_stdio
                0x08001890       0x40 C:/ST/STM32CubeCLT_1.17.0/GNU-tools-for-STM32/bin/../lib/gcc/arm-none-eabi/12.3.1/../../../../arm-none-eabi/lib/thumb/v7e-m+fp/hard\libc_nano.a(libc_a-findfp.o)
 .text.global_stdio_init.part.0
                0x080018d0       0x3c C:/ST/STM32CubeCLT_1.17.0/GNU-tools-for-STM32/bin/../lib/gcc/arm-none-eabi/12.3.1/../../../../arm-none-eabi/lib/thumb/v7e-m+fp/hard\libc_nano.a(libc_a-findfp.o)
 .text.__sfp_lock_acquire
                0x0800190c        0xc C:/ST/STM32CubeCLT_1.17.0/GNU-tools-for-STM32/bin/../lib/gcc/arm-none-eabi/12.3.1/../../../../arm-none-eabi/lib/thumb/v7e-m+fp/hard\libc_nano.a(libc_a-findfp.o)
                0x0800190c                __sfp_lock_acquire
 .text.__sfp_lock_release
                0x08001918        0xc C:/ST/STM32CubeCLT_1.17.0/GNU-tools-for-STM32/bin/../lib/gcc/arm-none-eabi/12.3.1/../../../../arm-none-eabi/lib/thumb/v7e-m+fp/hard\libc_nano.a(libc_a-findfp.o)
                0x08001918                __sfp_lock_release
 .text.__sinit  0x08001924       0x30 C:/ST/STM32CubeCLT_1.17.0/GNU-tools-for-STM32/bin/../lib/gcc/arm-none-eabi/12.3.1/../../../../arm-none-eabi/lib/thumb/v7e-m+fp/hard\libc_nano.a(libc_a-findfp.o)
                0x08001924                __sinit
 .text._fwalk_sglue
                0x08001954       0x3c C:/ST/STM32CubeCLT_1.17.0/GNU-tools-for-STM32/bin/../lib/gcc/arm-none-eabi/12.3.1/../../../../arm-none-eabi/lib/thumb/v7e-m+fp/hard\libc_nano.a(libc_a-fwalk.o)
                0x08001954                _fwalk_sglue
 .text.__sread  0x08001990       0x22 C:/ST/STM32CubeCLT_1.17.0/GNU-tools-for-STM32/bin/../lib/gcc/arm-none-eabi/12.3.1/../../../../arm-none-eabi/lib/thumb/v7e-m+fp/hard\libc_nano.a(libc_a-stdio.o)
                0x08001990                __sread
 .text.__swrite
                0x080019b2       0x38 C:/ST/STM32CubeCLT_1.17.0/GNU-tools-for-STM32/bin/../lib/gcc/arm-none-eabi/12.3.1/../../../../arm-none-eabi/lib/thumb/v7e-m+fp/hard\libc_nano.a(libc_a-stdio.o)
                0x080019b2                __swrite
 .text.__sseek  0x080019ea       0x24 C:/ST/STM32CubeCLT_1.17.0/GNU-tools-for-STM32/bin/../lib/gcc/arm-none-eabi/12.3.1/../../../../arm-none-eabi/lib/thumb/v7e-m+fp/hard\libc_nano.a(libc_a-stdio.o)
                0x080019ea                __sseek
 .text.__sclose
                0x08001a0e        0x8 C:/ST/STM32CubeCLT_1.17.0/GNU-tools-for-STM32/bin/../lib/gcc/arm-none-eabi/12.3.1/../../../../arm-none-eabi/lib/thumb/v7e-m+fp/hard\libc_nano.a(libc_a-stdio.o)
                0x08001a0e                __sclose
 .text.memset   0x08001a16       0x10 C:/ST/STM32CubeCLT_1.17.0/GNU-tools-for-STM32/bin/../lib/gcc/arm-none-eabi/12.3.1/../../../../arm-none-eabi/lib/thumb/v7e-m+fp/hard\libc_nano.a(libc_a-memset.o)
                0x08001a16                memset
 *fill*         0x08001a26        0x2 
 .text._localeconv_r
                0x08001a28        0x8 C:/ST/STM32CubeCLT_1.17.0/GNU-tools-for-STM32/bin/../lib/gcc/arm-none-eabi/12.3.1/../../../../arm-none-eabi/lib/thumb/v7e-m+fp/hard\libc_nano.a(libc_a-localeconv.o)
                0x08001a28                _localeconv_r
 .text._close_r
                0x08001a30       0x20 C:/ST/STM32CubeCLT_1.17.0/GNU-tools-for-STM32/bin/../lib/gcc/arm-none-eabi/12.3.1/../../../../arm-none-eabi/lib/thumb/v7e-m+fp/hard\libc_nano.a(libc_a-closer.o)
                0x08001a30                _close_r
 .text._lseek_r
                0x08001a50       0x24 C:/ST/STM32CubeCLT_1.17.0/GNU-tools-for-STM32/bin/../lib/gcc/arm-none-eabi/12.3.1/../../../../arm-none-eabi/lib/thumb/v7e-m+fp/hard\libc_nano.a(libc_a-lseekr.o)
                0x08001a50                _lseek_r
 .text._read_r  0x08001a74       0x24 C:/ST/STM32CubeCLT_1.17.0/GNU-tools-for-STM32/bin/../lib/gcc/arm-none-eabi/12.3.1/../../../../arm-none-eabi/lib/thumb/v7e-m+fp/hard\libc_nano.a(libc_a-readr.o)
                0x08001a74                _read_r
 .text._write_r
                0x08001a98       0x24 C:/ST/STM32CubeCLT_1.17.0/GNU-tools-for-STM32/bin/../lib/gcc/arm-none-eabi/12.3.1/../../../../arm-none-eabi/lib/thumb/v7e-m+fp/hard\libc_nano.a(libc_a-writer.o)
                0x08001a98                _write_r
 .text.__libc_init_array
                0x08001abc       0x48 C:/ST/STM32CubeCLT_1.17.0/GNU-tools-for-STM32/bin/../lib/gcc/arm-none-eabi/12.3.1/../../../../arm-none-eabi/lib/thumb/v7e-m+fp/hard\libc_nano.a(libc_a-init.o)
                0x08001abc                __libc_init_array
 .text.__retarget_lock_init_recursive
                0x08001b04        0x2 C:/ST/STM32CubeCLT_1.17.0/GNU-tools-for-STM32/bin/../lib/gcc/arm-none-eabi/12.3.1/../../../../arm-none-eabi/lib/thumb/v7e-m+fp/hard\libc_nano.a(libc_a-lock.o)
                0x08001b04                __retarget_lock_init_recursive
 .text.__retarget_lock_acquire_recursive
                0x08001b06        0x2 C:/ST/STM32CubeCLT_1.17.0/GNU-tools-for-STM32/bin/../lib/gcc/arm-none-eabi/12.3.1/../../../../arm-none-eabi/lib/thumb/v7e-m+fp/hard\libc_nano.a(libc_a-lock.o)
                0x08001b06                __retarget_lock_acquire_recursive
 .text.__retarget_lock_release_recursive
                0x08001b08        0x2 C:/ST/STM32CubeCLT_1.17.0/GNU-tools-for-STM32/bin/../lib/gcc/arm-none-eabi/12.3.1/../../../../arm-none-eabi/lib/thumb/v7e-m+fp/hard\libc_nano.a(libc_a-lock.o)
                0x08001b08                __retarget_lock_release_recursive
 .text.quorem   0x08001b0a      0x110 C:/ST/STM32CubeCLT_1.17.0/GNU-tools-for-STM32/bin/../lib/gcc/arm-none-eabi/12.3.1/../../../../arm-none-eabi/lib/thumb/v7e-m+fp/hard\libc_nano.a(libc_a-dtoa.o)
 *fill*         0x08001c1a        0x6 
 .text._dtoa_r  0x08001c20      0xb88 C:/ST/STM32CubeCLT_1.17.0/GNU-tools-for-STM32/bin/../lib/gcc/arm-none-eabi/12.3.1/../../../../arm-none-eabi/lib/thumb/v7e-m+fp/hard\libc_nano.a(libc_a-dtoa.o)
                0x08001c20                _dtoa_r
 .text._free_r  0x080027a8       0x94 C:/ST/STM32CubeCLT_1.17.0/GNU-tools-for-STM32/bin/../lib/gcc/arm-none-eabi/12.3.1/../../../../arm-none-eabi/lib/thumb/v7e-m+fp/hard\libc_nano.a(libc_a-freer.o)
                0x080027a8                _free_r
 .text.malloc   0x0800283c       0x10 C:/ST/STM32CubeCLT_1.17.0/GNU-tools-for-STM32/bin/../lib/gcc/arm-none-eabi/12.3.1/../../../../arm-none-eabi/lib/thumb/v7e-m+fp/hard\libc_nano.a(libc_a-malloc.o)
                0x0800283c                malloc
 .text.sbrk_aligned
                0x0800284c       0x44 C:/ST/STM32CubeCLT_1.17.0/GNU-tools-for-STM32/bin/../lib/gcc/arm-none-eabi/12.3.1/../../../../arm-none-eabi/lib/thumb/v7e-m+fp/hard\libc_nano.a(libc_a-mallocr.o)
 .text._malloc_r
                0x08002890      0x100 C:/ST/STM32CubeCLT_1.17.0/GNU-tools-for-STM32/bin/../lib/gcc/arm-none-eabi/12.3.1/../../../../arm-none-eabi/lib/thumb/v7e-m+fp/hard\libc_nano.a(libc_a-mallocr.o)
                0x08002890                _malloc_r
 .text.__malloc_lock
                0x08002990        0xc C:/ST/STM32CubeCLT_1.17.0/GNU-tools-for-STM32/bin/../lib/gcc/arm-none-eabi/12.3.1/../../../../arm-none-eabi/lib/thumb/v7e-m+fp/hard\libc_nano.a(libc_a-mlock.o)
                0x08002990                __malloc_lock
 .text.__malloc_unlock
                0x0800299c        0xc C:/ST/STM32CubeCLT_1.17.0/GNU-tools-for-STM32/bin/../lib/gcc/arm-none-eabi/12.3.1/../../../../arm-none-eabi/lib/thumb/v7e-m+fp/hard\libc_nano.a(libc_a-mlock.o)
                0x0800299c                __malloc_unlock
 .text._Balloc  0x080029a8       0x80 C:/ST/STM32CubeCLT_1.17.0/GNU-tools-for-STM32/bin/../lib/gcc/arm-none-eabi/12.3.1/../../../../arm-none-eabi/lib/thumb/v7e-m+fp/hard\libc_nano.a(libc_a-mprec.o)
                0x080029a8                _Balloc
 .text._Bfree   0x08002a28       0x44 C:/ST/STM32CubeCLT_1.17.0/GNU-tools-for-STM32/bin/../lib/gcc/arm-none-eabi/12.3.1/../../../../arm-none-eabi/lib/thumb/v7e-m+fp/hard\libc_nano.a(libc_a-mprec.o)
                0x08002a28                _Bfree
 .text.__multadd
                0x08002a6c       0x8c C:/ST/STM32CubeCLT_1.17.0/GNU-tools-for-STM32/bin/../lib/gcc/arm-none-eabi/12.3.1/../../../../arm-none-eabi/lib/thumb/v7e-m+fp/hard\libc_nano.a(libc_a-mprec.o)
                0x08002a6c                __multadd
 .text.__hi0bits
                0x08002af8       0x3e C:/ST/STM32CubeCLT_1.17.0/GNU-tools-for-STM32/bin/../lib/gcc/arm-none-eabi/12.3.1/../../../../arm-none-eabi/lib/thumb/v7e-m+fp/hard\libc_nano.a(libc_a-mprec.o)
                0x08002af8                __hi0bits
 .text.__lo0bits
                0x08002b36       0x5a C:/ST/STM32CubeCLT_1.17.0/GNU-tools-for-STM32/bin/../lib/gcc/arm-none-eabi/12.3.1/../../../../arm-none-eabi/lib/thumb/v7e-m+fp/hard\libc_nano.a(libc_a-mprec.o)
                0x08002b36                __lo0bits
 .text.__i2b    0x08002b90       0x2c C:/ST/STM32CubeCLT_1.17.0/GNU-tools-for-STM32/bin/../lib/gcc/arm-none-eabi/12.3.1/../../../../arm-none-eabi/lib/thumb/v7e-m+fp/hard\libc_nano.a(libc_a-mprec.o)
                0x08002b90                __i2b
 .text.__multiply
                0x08002bbc      0x154 C:/ST/STM32CubeCLT_1.17.0/GNU-tools-for-STM32/bin/../lib/gcc/arm-none-eabi/12.3.1/../../../../arm-none-eabi/lib/thumb/v7e-m+fp/hard\libc_nano.a(libc_a-mprec.o)
                0x08002bbc                __multiply
 .text.__pow5mult
                0x08002d10       0xb4 C:/ST/STM32CubeCLT_1.17.0/GNU-tools-for-STM32/bin/../lib/gcc/arm-none-eabi/12.3.1/../../../../arm-none-eabi/lib/thumb/v7e-m+fp/hard\libc_nano.a(libc_a-mprec.o)
                0x08002d10                __pow5mult
 .text.__lshift
                0x08002dc4       0xd8 C:/ST/STM32CubeCLT_1.17.0/GNU-tools-for-STM32/bin/../lib/gcc/arm-none-eabi/12.3.1/../../../../arm-none-eabi/lib/thumb/v7e-m+fp/hard\libc_nano.a(libc_a-mprec.o)
                0x08002dc4                __lshift
 .text.__mcmp   0x08002e9c       0x36 C:/ST/STM32CubeCLT_1.17.0/GNU-tools-for-STM32/bin/../lib/gcc/arm-none-eabi/12.3.1/../../../../arm-none-eabi/lib/thumb/v7e-m+fp/hard\libc_nano.a(libc_a-mprec.o)
                0x08002e9c                __mcmp
 *fill*         0x08002ed2        0x2 
 .text.__mdiff  0x08002ed4      0x128 C:/ST/STM32CubeCLT_1.17.0/GNU-tools-for-STM32/bin/../lib/gcc/arm-none-eabi/12.3.1/../../../../arm-none-eabi/lib/thumb/v7e-m+fp/hard\libc_nano.a(libc_a-mprec.o)
                0x08002ed4                __mdiff
 .text.__d2b    0x08002ffc       0xb0 C:/ST/STM32CubeCLT_1.17.0/GNU-tools-for-STM32/bin/../lib/gcc/arm-none-eabi/12.3.1/../../../../arm-none-eabi/lib/thumb/v7e-m+fp/hard\libc_nano.a(libc_a-mprec.o)
                0x08002ffc                __d2b
 .text.__sflush_r
                0x080030ac      0x108 C:/ST/STM32CubeCLT_1.17.0/GNU-tools-for-STM32/bin/../lib/gcc/arm-none-eabi/12.3.1/../../../../arm-none-eabi/lib/thumb/v7e-m+fp/hard\libc_nano.a(libc_a-fflush.o)
                0x080030ac                __sflush_r
 .text._fflush_r
                0x080031b4       0x50 C:/ST/STM32CubeCLT_1.17.0/GNU-tools-for-STM32/bin/../lib/gcc/arm-none-eabi/12.3.1/../../../../arm-none-eabi/lib/thumb/v7e-m+fp/hard\libc_nano.a(libc_a-fflush.o)
                0x080031b4                _fflush_r
 .text._sbrk_r  0x08003204       0x20 C:/ST/STM32CubeCLT_1.17.0/GNU-tools-for-STM32/bin/../lib/gcc/arm-none-eabi/12.3.1/../../../../arm-none-eabi/lib/thumb/v7e-m+fp/hard\libc_nano.a(libc_a-sbrkr.o)
                0x08003204                _sbrk_r
 .text.memcpy   0x08003224       0x1c C:/ST/STM32CubeCLT_1.17.0/GNU-tools-for-STM32/bin/../lib/gcc/arm-none-eabi/12.3.1/../../../../arm-none-eabi/lib/thumb/v7e-m+fp/hard\libc_nano.a(libc_a-memcpy-stub.o)
                0x08003224                memcpy
 .text.__assert_func
                0x08003240       0x3c C:/ST/STM32CubeCLT_1.17.0/GNU-tools-for-STM32/bin/../lib/gcc/arm-none-eabi/12.3.1/../../../../arm-none-eabi/lib/thumb/v7e-m+fp/hard\libc_nano.a(libc_a-assert.o)
                0x08003240                __assert_func
 .text._calloc_r
                0x0800327c       0x28 C:/ST/STM32CubeCLT_1.17.0/GNU-tools-for-STM32/bin/../lib/gcc/arm-none-eabi/12.3.1/../../../../arm-none-eabi/lib/thumb/v7e-m+fp/hard\libc_nano.a(libc_a-callocr.o)
                0x0800327c                _calloc_r
 .text.__ascii_mbtowc
                0x080032a4       0x24 C:/ST/STM32CubeCLT_1.17.0/GNU-tools-for-STM32/bin/../lib/gcc/arm-none-eabi/12.3.1/../../../../arm-none-eabi/lib/thumb/v7e-m+fp/hard\libc_nano.a(libc_a-mbtowc_r.o)
                0x080032a4                __ascii_mbtowc
 .text.__ascii_wctomb
                0x080032c8       0x1a C:/ST/STM32CubeCLT_1.17.0/GNU-tools-for-STM32/bin/../lib/gcc/arm-none-eabi/12.3.1/../../../../arm-none-eabi/lib/thumb/v7e-m+fp/hard\libc_nano.a(libc_a-wctomb_r.o)
                0x080032c8                __ascii_wctomb
 *fill*         0x080032e2        0x2 
 .text.fprintf  0x080032e4       0x24 C:/ST/STM32CubeCLT_1.17.0/GNU-tools-for-STM32/bin/../lib/gcc/arm-none-eabi/12.3.1/../../../../arm-none-eabi/lib/thumb/v7e-m+fp/hard\libc_nano.a(libc_a-fprintf.o)
                0x080032e4                fiprintf
                0x080032e4                fprintf
 .text.abort    0x08003308        0xe C:/ST/STM32CubeCLT_1.17.0/GNU-tools-for-STM32/bin/../lib/gcc/arm-none-eabi/12.3.1/../../../../arm-none-eabi/lib/thumb/v7e-m+fp/hard\libc_nano.a(libc_a-abort.o)
                0x08003308                abort
 .text.__sfputc_r
                0x08003316       0x2e C:/ST/STM32CubeCLT_1.17.0/GNU-tools-for-STM32/bin/../lib/gcc/arm-none-eabi/12.3.1/../../../../arm-none-eabi/lib/thumb/v7e-m+fp/hard\libc_nano.a(libc_a-nano-vfprintf.o)
 .text.__sfputs_r
                0x08003344       0x24 C:/ST/STM32CubeCLT_1.17.0/GNU-tools-for-STM32/bin/../lib/gcc/arm-none-eabi/12.3.1/../../../../arm-none-eabi/lib/thumb/v7e-m+fp/hard\libc_nano.a(libc_a-nano-vfprintf.o)
                0x08003344                __sfputs_r
 .text._vfprintf_r
                0x08003368      0x230 C:/ST/STM32CubeCLT_1.17.0/GNU-tools-for-STM32/bin/../lib/gcc/arm-none-eabi/12.3.1/../../../../arm-none-eabi/lib/thumb/v7e-m+fp/hard\libc_nano.a(libc_a-nano-vfprintf.o)
                0x08003368                _vfprintf_r
                0x08003368                _vfiprintf_r
 .text.__swbuf_r
                0x08003598       0x7c C:/ST/STM32CubeCLT_1.17.0/GNU-tools-for-STM32/bin/../lib/gcc/arm-none-eabi/12.3.1/../../../../arm-none-eabi/lib/thumb/v7e-m+fp/hard\libc_nano.a(libc_a-wbuf.o)
                0x08003598                __swbuf_r
 .text.__swsetup_r
                0x08003614       0xac C:/ST/STM32CubeCLT_1.17.0/GNU-tools-for-STM32/bin/../lib/gcc/arm-none-eabi/12.3.1/../../../../arm-none-eabi/lib/thumb/v7e-m+fp/hard\libc_nano.a(libc_a-wsetup.o)
                0x08003614                __swsetup_r
 .text.memmove  0x080036c0       0x34 C:/ST/STM32CubeCLT_1.17.0/GNU-tools-for-STM32/bin/../lib/gcc/arm-none-eabi/12.3.1/../../../../arm-none-eabi/lib/thumb/v7e-m+fp/hard\libc_nano.a(libc_a-memmove.o)
                0x080036c0                memmove
 .text._raise_r
                0x080036f4       0x50 C:/ST/STM32CubeCLT_1.17.0/GNU-tools-for-STM32/bin/../lib/gcc/arm-none-eabi/12.3.1/../../../../arm-none-eabi/lib/thumb/v7e-m+fp/hard\libc_nano.a(libc_a-signal.o)
                0x080036f4                _raise_r
 .text.raise    0x08003744       0x10 C:/ST/STM32CubeCLT_1.17.0/GNU-tools-for-STM32/bin/../lib/gcc/arm-none-eabi/12.3.1/../../../../arm-none-eabi/lib/thumb/v7e-m+fp/hard\libc_nano.a(libc_a-signal.o)
                0x08003744                raise
 .text._kill_r  0x08003754       0x24 C:/ST/STM32CubeCLT_1.17.0/GNU-tools-for-STM32/bin/../lib/gcc/arm-none-eabi/12.3.1/../../../../arm-none-eabi/lib/thumb/v7e-m+fp/hard\libc_nano.a(libc_a-signalr.o)
                0x08003754                _kill_r
 .text._getpid_r
                0x08003778        0x4 C:/ST/STM32CubeCLT_1.17.0/GNU-tools-for-STM32/bin/../lib/gcc/arm-none-eabi/12.3.1/../../../../arm-none-eabi/lib/thumb/v7e-m+fp/hard\libc_nano.a(libc_a-signalr.o)
                0x08003778                _getpid_r
 .text._realloc_r
                0x0800377c       0x5c C:/ST/STM32CubeCLT_1.17.0/GNU-tools-for-STM32/bin/../lib/gcc/arm-none-eabi/12.3.1/../../../../arm-none-eabi/lib/thumb/v7e-m+fp/hard\libc_nano.a(libc_a-reallocr.o)
                0x0800377c                _realloc_r
 .text.__swhatbuf_r
                0x080037d8       0x4c C:/ST/STM32CubeCLT_1.17.0/GNU-tools-for-STM32/bin/../lib/gcc/arm-none-eabi/12.3.1/../../../../arm-none-eabi/lib/thumb/v7e-m+fp/hard\libc_nano.a(libc_a-makebuf.o)
                0x080037d8                __swhatbuf_r
 .text.__smakebuf_r
                0x08003824       0x78 C:/ST/STM32CubeCLT_1.17.0/GNU-tools-for-STM32/bin/../lib/gcc/arm-none-eabi/12.3.1/../../../../arm-none-eabi/lib/thumb/v7e-m+fp/hard\libc_nano.a(libc_a-makebuf.o)
                0x08003824                __smakebuf_r
 .text._fstat_r
                0x0800389c       0x24 C:/ST/STM32CubeCLT_1.17.0/GNU-tools-for-STM32/bin/../lib/gcc/arm-none-eabi/12.3.1/../../../../arm-none-eabi/lib/thumb/v7e-m+fp/hard\libc_nano.a(libc_a-fstatr.o)
                0x0800389c                _fstat_r
 .text._isatty_r
                0x080038c0       0x20 C:/ST/STM32CubeCLT_1.17.0/GNU-tools-for-STM32/bin/../lib/gcc/arm-none-eabi/12.3.1/../../../../arm-none-eabi/lib/thumb/v7e-m+fp/hard\libc_nano.a(libc_a-isattyr.o)
                0x080038c0                _isatty_r
 .text._malloc_usable_size_r
                0x080038e0       0x10 C:/ST/STM32CubeCLT_1.17.0/GNU-tools-for-STM32/bin/../lib/gcc/arm-none-eabi/12.3.1/../../../../arm-none-eabi/lib/thumb/v7e-m+fp/hard\libc_nano.a(libc_a-msizer.o)
                0x080038e0                _malloc_usable_size_r
 .text.LCD_SetDataPort
                0x080038f0       0xa8 CMakeFiles/PMIK.dir/Core/Src/LCD_HD44780.c.obj
 .text.LCD_DataOut
                0x08003998       0x30 CMakeFiles/PMIK.dir/Core/Src/LCD_HD44780.c.obj
 .text.LCD_WriteByte
                0x080039c8       0x60 CMakeFiles/PMIK.dir/Core/Src/LCD_HD44780.c.obj
                0x080039c8                LCD_WriteByte
 .text.LCD_WriteCmd
                0x08003a28       0x34 CMakeFiles/PMIK.dir/Core/Src/LCD_HD44780.c.obj
                0x08003a28                LCD_WriteCmd
 .text.LCD_WriteData
                0x08003a5c       0x2c CMakeFiles/PMIK.dir/Core/Src/LCD_HD44780.c.obj
                0x08003a5c                LCD_WriteData
 .text.LCD_Char
                0x08003a88       0x32 CMakeFiles/PMIK.dir/Core/Src/LCD_HD44780.c.obj
                0x08003a88                LCD_Char
 .text.LCD_String
                0x08003aba       0x2c CMakeFiles/PMIK.dir/Core/Src/LCD_HD44780.c.obj
                0x08003aba                LCD_String
 .text.LCD_Locate
                0x08003ae6       0x42 CMakeFiles/PMIK.dir/Core/Src/LCD_HD44780.c.obj
                0x08003ae6                LCD_Locate
 .text.LCD_Cls  0x08003b28        0xe CMakeFiles/PMIK.dir/Core/Src/LCD_HD44780.c.obj
                0x08003b28                LCD_Cls
 *fill*         0x08003b36        0x2 
 .text.LCD_Init
                0x08003b38       0x70 CMakeFiles/PMIK.dir/Core/Src/LCD_HD44780.c.obj
                0x08003b38                LCD_Init
 .text.Delay_us
                0x08003ba8       0x34 CMakeFiles/PMIK.dir/Core/Src/delays.c.obj
                0x08003ba8                Delay_us
 .text.__NVIC_SystemReset
                0x08003bdc       0x2c CMakeFiles/PMIK.dir/Core/Src/main.c.obj
 .text.main     0x08003c08      0x218 CMakeFiles/PMIK.dir/Core/Src/main.c.obj
                0x08003c08                main
 .text.SystemClock_Config
                0x08003e20       0xd0 CMakeFiles/PMIK.dir/Core/Src/main.c.obj
                0x08003e20                SystemClock_Config
 .text.HAL_SYSTICK_Callback
                0x08003ef0       0xb8 CMakeFiles/PMIK.dir/Core/Src/main.c.obj
                0x08003ef0                HAL_SYSTICK_Callback
 .text.EXTI0_Callback
                0x08003fa8       0x68 CMakeFiles/PMIK.dir/Core/Src/main.c.obj
                0x08003fa8                EXTI0_Callback
 .text.EXTI8_Callback
                0x08004010       0x40 CMakeFiles/PMIK.dir/Core/Src/main.c.obj
                0x08004010                EXTI8_Callback
 .text.EXTI9_Callback
                0x08004050       0x40 CMakeFiles/PMIK.dir/Core/Src/main.c.obj
                0x08004050                EXTI9_Callback
 .text.HAL_GPIO_EXTI_Callback
                0x08004090       0x6c CMakeFiles/PMIK.dir/Core/Src/main.c.obj
                0x08004090                HAL_GPIO_EXTI_Callback
 .text.Init_EXTI_Callbacks
                0x080040fc       0x80 CMakeFiles/PMIK.dir/Core/Src/main.c.obj
                0x080040fc                Init_EXTI_Callbacks
 .text.printData
                0x0800417c       0x68 CMakeFiles/PMIK.dir/Core/Src/main.c.obj
                0x0800417c                printData
 .text.updateMenuTitles
                0x080041e4       0xbc CMakeFiles/PMIK.dir/Core/Src/main.c.obj
                0x080041e4                updateMenuTitles
 .text.wizchipSelect
                0x080042a0       0x18 CMakeFiles/PMIK.dir/Core/Src/main.c.obj
                0x080042a0                wizchipSelect
 .text.wizchipUnselect
                0x080042b8       0x18 CMakeFiles/PMIK.dir/Core/Src/main.c.obj
                0x080042b8                wizchipUnselect
 .text.wizchipReadBurst
                0x080042d0       0x28 CMakeFiles/PMIK.dir/Core/Src/main.c.obj
                0x080042d0                wizchipReadBurst
 .text.wizchipWriteBurst
                0x080042f8       0x28 CMakeFiles/PMIK.dir/Core/Src/main.c.obj
                0x080042f8                wizchipWriteBurst
 .text.wizchipReadByte
                0x08004320       0x1a CMakeFiles/PMIK.dir/Core/Src/main.c.obj
                0x08004320                wizchipReadByte
 .text.wizchipWriteByte
                0x0800433a       0x1c CMakeFiles/PMIK.dir/Core/Src/main.c.obj
                0x0800433a                wizchipWriteByte
 *fill*         0x08004356        0x2 
 .text.Callback_IPAssigned
                0x08004358       0x18 CMakeFiles/PMIK.dir/Core/Src/main.c.obj
                0x08004358                Callback_IPAssigned
 .text.Callback_IPConflict
                0x08004370       0x18 CMakeFiles/PMIK.dir/Core/Src/main.c.obj
                0x08004370                Callback_IPConflict
 .text.W5500Init
                0x08004388       0xec CMakeFiles/PMIK.dir/Core/Src/main.c.obj
                0x08004388                W5500Init
 .text.generate_index_page
                0x08004474       0x5c CMakeFiles/PMIK.dir/Core/Src/main.c.obj
                0x08004474                generate_index_page
 .text.Error_Handler
                0x080044d0        0xc CMakeFiles/PMIK.dir/Core/Src/main.c.obj
                0x080044d0                Error_Handler
 .text.bmp280_init_default_params
                0x080044dc       0x38 CMakeFiles/PMIK.dir/Core/Src/bmp280.c.obj
                0x080044dc                bmp280_init_default_params
 .text.read_register16
                0x08004514       0x5e CMakeFiles/PMIK.dir/Core/Src/bmp280.c.obj
 .text.read_data
                0x08004572       0x50 CMakeFiles/PMIK.dir/Core/Src/bmp280.c.obj
 .text.read_calibration_data
                0x080045c2      0x104 CMakeFiles/PMIK.dir/Core/Src/bmp280.c.obj
 .text.read_hum_calibration_data
                0x080046c6       0xc0 CMakeFiles/PMIK.dir/Core/Src/bmp280.c.obj
 .text.write_register8
                0x08004786       0x4a CMakeFiles/PMIK.dir/Core/Src/bmp280.c.obj
 .text.bmp280_init
                0x080047d0      0x15a CMakeFiles/PMIK.dir/Core/Src/bmp280.c.obj
                0x080047d0                bmp280_init
 .text.compensate_temperature
                0x0800492a       0x72 CMakeFiles/PMIK.dir/Core/Src/bmp280.c.obj
 .text.compensate_pressure
                0x0800499c      0x57c CMakeFiles/PMIK.dir/Core/Src/bmp280.c.obj
 .text.compensate_humidity
                0x08004f18       0xbe CMakeFiles/PMIK.dir/Core/Src/bmp280.c.obj
 .text.bmp280_read_fixed
                0x08004fd6       0xca CMakeFiles/PMIK.dir/Core/Src/bmp280.c.obj
                0x08004fd6                bmp280_read_fixed
 .text.bmp280_read_float
                0x080050a0       0x98 CMakeFiles/PMIK.dir/Core/Src/bmp280.c.obj
                0x080050a0                bmp280_read_float
 .text.PRINTER_Init
                0x08005138       0x28 CMakeFiles/PMIK.dir/Core/Src/printer.c.obj
                0x08005138                PRINTER_Init
 .text.PRINTER_Print
                0x08005160       0x88 CMakeFiles/PMIK.dir/Core/Src/printer.c.obj
                0x08005160                PRINTER_Print
 .text.navigateBack
                0x080051e8       0x30 CMakeFiles/PMIK.dir/Core/Src/display.c.obj
                0x080051e8                navigateBack
 .text.selectMenu
                0x08005218       0x40 CMakeFiles/PMIK.dir/Core/Src/display.c.obj
                0x08005218                selectMenu
 .text.updateDisplay
                0x08005258      0x110 CMakeFiles/PMIK.dir/Core/Src/display.c.obj
                0x08005258                updateDisplay
 .text.printToDisplay
                0x08005368       0x2a CMakeFiles/PMIK.dir/Core/Src/display.c.obj
                0x08005368                printToDisplay
 *fill*         0x08005392        0x2 
 .text.Encoder_Clockwise
                0x08005394       0x40 CMakeFiles/PMIK.dir/Core/Src/encoder.c.obj
                0x08005394                Encoder_Clockwise
 .text.Encoder_CounterClockwise
                0x080053d4       0x40 CMakeFiles/PMIK.dir/Core/Src/encoder.c.obj
                0x080053d4                Encoder_CounterClockwise
 .text.socket   0x08005414      0x228 CMakeFiles/PMIK.dir/Core/Src/socket.c.obj
                0x08005414                socket
 .text.close    0x0800563c       0xdc CMakeFiles/PMIK.dir/Core/Src/socket.c.obj
                0x0800563c                close
 .text.listen   0x08005718       0xb2 CMakeFiles/PMIK.dir/Core/Src/socket.c.obj
                0x08005718                listen
 *fill*         0x080057ca        0x2 
 .text.disconnect
                0x080057cc       0xec CMakeFiles/PMIK.dir/Core/Src/socket.c.obj
                0x080057cc                disconnect
 .text.send     0x080058b8      0x1f0 CMakeFiles/PMIK.dir/Core/Src/socket.c.obj
                0x080058b8                send
 .text.recv     0x08005aa8      0x168 CMakeFiles/PMIK.dir/Core/Src/socket.c.obj
                0x08005aa8                recv
 .text.sendto   0x08005c10      0x268 CMakeFiles/PMIK.dir/Core/Src/socket.c.obj
                0x08005c10                sendto
 .text.recvfrom
                0x08005e78      0x3d8 CMakeFiles/PMIK.dir/Core/Src/socket.c.obj
                0x08005e78                recvfrom
 .text.WIZCHIP_READ
                0x08006250       0x98 CMakeFiles/PMIK.dir/Core/Src/w5500.c.obj
                0x08006250                WIZCHIP_READ
 .text.WIZCHIP_WRITE
                0x080062e8       0x9c CMakeFiles/PMIK.dir/Core/Src/w5500.c.obj
                0x080062e8                WIZCHIP_WRITE
 .text.WIZCHIP_READ_BUF
                0x08006384       0xc0 CMakeFiles/PMIK.dir/Core/Src/w5500.c.obj
                0x08006384                WIZCHIP_READ_BUF
 .text.WIZCHIP_WRITE_BUF
                0x08006444       0xc0 CMakeFiles/PMIK.dir/Core/Src/w5500.c.obj
                0x08006444                WIZCHIP_WRITE_BUF
 .text.getSn_TX_FSR
                0x08006504       0x92 CMakeFiles/PMIK.dir/Core/Src/w5500.c.obj
                0x08006504                getSn_TX_FSR
 .text.getSn_RX_RSR
                0x08006596       0x92 CMakeFiles/PMIK.dir/Core/Src/w5500.c.obj
                0x08006596                getSn_RX_RSR
 .text.wiz_send_data
                0x08006628       0xb4 CMakeFiles/PMIK.dir/Core/Src/w5500.c.obj
                0x08006628                wiz_send_data
 .text.wiz_recv_data
                0x080066dc       0xb4 CMakeFiles/PMIK.dir/Core/Src/w5500.c.obj
                0x080066dc                wiz_recv_data
 .text.wiz_recv_ignore
                0x08006790       0x8c CMakeFiles/PMIK.dir/Core/Src/w5500.c.obj
                0x08006790                wiz_recv_ignore
 .text.wizchip_cris_enter
                0x0800681c        0xe CMakeFiles/PMIK.dir/Core/Src/wizchip_conf.c.obj
                0x0800681c                wizchip_cris_enter
 .text.wizchip_cris_exit
                0x0800682a        0xe CMakeFiles/PMIK.dir/Core/Src/wizchip_conf.c.obj
                0x0800682a                wizchip_cris_exit
 .text.wizchip_cs_select
                0x08006838        0xe CMakeFiles/PMIK.dir/Core/Src/wizchip_conf.c.obj
                0x08006838                wizchip_cs_select
 .text.wizchip_cs_deselect
                0x08006846        0xe CMakeFiles/PMIK.dir/Core/Src/wizchip_conf.c.obj
                0x08006846                wizchip_cs_deselect
 .text.wizchip_bus_readdata
                0x08006854       0x1a CMakeFiles/PMIK.dir/Core/Src/wizchip_conf.c.obj
                0x08006854                wizchip_bus_readdata
 .text.wizchip_bus_writedata
                0x0800686e       0x1e CMakeFiles/PMIK.dir/Core/Src/wizchip_conf.c.obj
                0x0800686e                wizchip_bus_writedata
 .text.wizchip_spi_readbyte
                0x0800688c       0x10 CMakeFiles/PMIK.dir/Core/Src/wizchip_conf.c.obj
                0x0800688c                wizchip_spi_readbyte
 .text.wizchip_spi_writebyte
                0x0800689c       0x16 CMakeFiles/PMIK.dir/Core/Src/wizchip_conf.c.obj
                0x0800689c                wizchip_spi_writebyte
 .text.wizchip_spi_readburst
                0x080068b2       0x18 CMakeFiles/PMIK.dir/Core/Src/wizchip_conf.c.obj
                0x080068b2                wizchip_spi_readburst
 .text.wizchip_spi_writeburst
                0x080068ca       0x18 CMakeFiles/PMIK.dir/Core/Src/wizchip_conf.c.obj
                0x080068ca                wizchip_spi_writeburst
 *fill*         0x080068e2        0x2 
 .text.reg_wizchip_cs_cbfunc
                0x080068e4       0x4c CMakeFiles/PMIK.dir/Core/Src/wizchip_conf.c.obj
                0x080068e4                reg_wizchip_cs_cbfunc
 .text.reg_wizchip_spi_cbfunc
                0x08006930       0x58 CMakeFiles/PMIK.dir/Core/Src/wizchip_conf.c.obj
                0x08006930                reg_wizchip_spi_cbfunc
 .text.reg_wizchip_spiburst_cbfunc
                0x08006988       0x58 CMakeFiles/PMIK.dir/Core/Src/wizchip_conf.c.obj
                0x08006988                reg_wizchip_spiburst_cbfunc
 .text.wizchip_sw_reset
                0x080069e0       0x98 CMakeFiles/PMIK.dir/Core/Src/wizchip_conf.c.obj
                0x080069e0                wizchip_sw_reset
 .text.wizchip_init
                0x08006a78      0x118 CMakeFiles/PMIK.dir/Core/Src/wizchip_conf.c.obj
                0x08006a78                wizchip_init
 .text.wizchip_setnetinfo
                0x08006b90       0x80 CMakeFiles/PMIK.dir/Core/Src/wizchip_conf.c.obj
                0x08006b90                wizchip_setnetinfo
 .text.default_mcu_reset
                0x08006c10        0xe CMakeFiles/PMIK.dir/Core/Src/httpServer.c.obj
                0x08006c10                default_mcu_reset
 .text.default_wdt_reset
                0x08006c1e        0xe CMakeFiles/PMIK.dir/Core/Src/httpServer.c.obj
                0x08006c1e                default_wdt_reset
 .text.httpServer_Sockinit
                0x08006c2c       0x40 CMakeFiles/PMIK.dir/Core/Src/httpServer.c.obj
                0x08006c2c                httpServer_Sockinit
 .text.getHTTPSocketNum
                0x08006c6c       0x20 CMakeFiles/PMIK.dir/Core/Src/httpServer.c.obj
 .text.getHTTPSequenceNum
                0x08006c8c       0x44 CMakeFiles/PMIK.dir/Core/Src/httpServer.c.obj
 .text.httpServer_init
                0x08006cd0       0x38 CMakeFiles/PMIK.dir/Core/Src/httpServer.c.obj
                0x08006cd0                httpServer_init
 .text.reg_httpServer_cbfunc
                0x08006d08       0x38 CMakeFiles/PMIK.dir/Core/Src/httpServer.c.obj
                0x08006d08                reg_httpServer_cbfunc
 .text.httpServer_run
                0x08006d40      0x3c0 CMakeFiles/PMIK.dir/Core/Src/httpServer.c.obj
                0x08006d40                httpServer_run
 .text.send_http_response_header
                0x08007100      0x108 CMakeFiles/PMIK.dir/Core/Src/httpServer.c.obj
 .text.send_http_response_body
                0x08007208      0x288 CMakeFiles/PMIK.dir/Core/Src/httpServer.c.obj
 .text.send_http_response_cgi
                0x08007490       0x68 CMakeFiles/PMIK.dir/Core/Src/httpServer.c.obj
 .text.http_disconnect
                0x080074f8       0x42 CMakeFiles/PMIK.dir/Core/Src/httpServer.c.obj
 *fill*         0x0800753a        0x2 
 .text.http_process_handler
                0x0800753c      0x504 CMakeFiles/PMIK.dir/Core/Src/httpServer.c.obj
 .text.get_httpServer_timecount
                0x08007a40       0x18 CMakeFiles/PMIK.dir/Core/Src/httpServer.c.obj
                0x08007a40                get_httpServer_timecount
 .text.reg_httpServer_webContent
                0x08007a58       0xc4 CMakeFiles/PMIK.dir/Core/Src/httpServer.c.obj
                0x08007a58                reg_httpServer_webContent
 .text.find_userReg_webContent
                0x08007b1c       0x78 CMakeFiles/PMIK.dir/Core/Src/httpServer.c.obj
                0x08007b1c                find_userReg_webContent
 .text.read_userReg_webContent
                0x08007b94       0x7c CMakeFiles/PMIK.dir/Core/Src/httpServer.c.obj
                0x08007b94                read_userReg_webContent
 .text.make_http_response_head
                0x08007c10      0x16c CMakeFiles/PMIK.dir/Core/Src/httpParser.c.obj
                0x08007c10                make_http_response_head
 .text.find_http_uri_type
                0x08007d7c      0x30c CMakeFiles/PMIK.dir/Core/Src/httpParser.c.obj
                0x08007d7c                find_http_uri_type
 .text.parse_http_request
                0x08008088       0xf4 CMakeFiles/PMIK.dir/Core/Src/httpParser.c.obj
                0x08008088                parse_http_request
 .text.get_http_uri_name
                0x0800817c       0x54 CMakeFiles/PMIK.dir/Core/Src/httpParser.c.obj
                0x0800817c                get_http_uri_name
 .text.mid      0x080081d0       0x56 CMakeFiles/PMIK.dir/Core/Src/httpParser.c.obj
                0x080081d0                mid
 *fill*         0x08008226        0x2 
 .text.http_get_cgi_handler
                0x08008228       0x58 CMakeFiles/PMIK.dir/Core/Src/httpUtil.c.obj
                0x08008228                http_get_cgi_handler
 .text.http_post_cgi_handler
                0x08008280       0x7c CMakeFiles/PMIK.dir/Core/Src/httpUtil.c.obj
                0x08008280                http_post_cgi_handler
 .text.predefined_get_cgi_processor
                0x080082fc       0x1a CMakeFiles/PMIK.dir/Core/Src/httpUtil.c.obj
                0x080082fc                predefined_get_cgi_processor
 .text.predefined_set_cgi_processor
                0x08008316       0x1c CMakeFiles/PMIK.dir/Core/Src/httpUtil.c.obj
                0x08008316                predefined_set_cgi_processor
 *fill*         0x08008332        0x2 
 .text.default_ip_assign
                0x08008334       0x38 CMakeFiles/PMIK.dir/Core/Src/dhcp.c.obj
                0x08008334                default_ip_assign
 .text.default_ip_update
                0x0800836c       0x2c CMakeFiles/PMIK.dir/Core/Src/dhcp.c.obj
                0x0800836c                default_ip_update
 .text.default_ip_conflict
                0x08008398       0x28 CMakeFiles/PMIK.dir/Core/Src/dhcp.c.obj
                0x08008398                default_ip_conflict
 .text.reg_dhcp_cbfunc
                0x080083c0       0x68 CMakeFiles/PMIK.dir/Core/Src/dhcp.c.obj
                0x080083c0                reg_dhcp_cbfunc
 .text.makeDHCPMSG
                0x08008428      0x1ec CMakeFiles/PMIK.dir/Core/Src/dhcp.c.obj
                0x08008428                makeDHCPMSG
 .text.send_DHCP_DISCOVER
                0x08008614      0x38c CMakeFiles/PMIK.dir/Core/Src/dhcp.c.obj
                0x08008614                send_DHCP_DISCOVER
 .text.send_DHCP_REQUEST
                0x080089a0      0x514 CMakeFiles/PMIK.dir/Core/Src/dhcp.c.obj
                0x080089a0                send_DHCP_REQUEST
 .text.send_DHCP_DECLINE
                0x08008eb4      0x2a4 CMakeFiles/PMIK.dir/Core/Src/dhcp.c.obj
                0x08008eb4                send_DHCP_DECLINE
 .text.parseDHCPMSG
                0x08009158      0x43c CMakeFiles/PMIK.dir/Core/Src/dhcp.c.obj
                0x08009158                parseDHCPMSG
 .text.DHCP_run
                0x08009594      0x234 CMakeFiles/PMIK.dir/Core/Src/dhcp.c.obj
                0x08009594                DHCP_run
 .text.check_DHCP_timeout
                0x080097c8       0xc0 CMakeFiles/PMIK.dir/Core/Src/dhcp.c.obj
                0x080097c8                check_DHCP_timeout
 .text.check_DHCP_leasedIP
                0x08009888       0x7c CMakeFiles/PMIK.dir/Core/Src/dhcp.c.obj
                0x08009888                check_DHCP_leasedIP
 .text.DHCP_init
                0x08009904      0x128 CMakeFiles/PMIK.dir/Core/Src/dhcp.c.obj
                0x08009904                DHCP_init
 .text.reset_DHCP_timeout
                0x08009a2c       0x2c CMakeFiles/PMIK.dir/Core/Src/dhcp.c.obj
                0x08009a2c                reset_DHCP_timeout
 .text.getIPfromDHCP
                0x08009a58       0x40 CMakeFiles/PMIK.dir/Core/Src/dhcp.c.obj
                0x08009a58                getIPfromDHCP
 .text.getGWfromDHCP
                0x08009a98       0x40 CMakeFiles/PMIK.dir/Core/Src/dhcp.c.obj
                0x08009a98                getGWfromDHCP
 .text.getSNfromDHCP
                0x08009ad8       0x40 CMakeFiles/PMIK.dir/Core/Src/dhcp.c.obj
                0x08009ad8                getSNfromDHCP
 .text.NibbleToHex
                0x08009b18       0x32 CMakeFiles/PMIK.dir/Core/Src/dhcp.c.obj
                0x08009b18                NibbleToHex
 *fill*         0x08009b4a        0x2 
 .text.MX_GPIO_Init
                0x08009b4c      0x174 CMakeFiles/PMIK.dir/Core/Src/gpio.c.obj
                0x08009b4c                MX_GPIO_Init
 .text.MX_I2C1_Init
                0x08009cc0       0x5c CMakeFiles/PMIK.dir/Core/Src/i2c.c.obj
                0x08009cc0                MX_I2C1_Init
 .text.HAL_I2C_MspInit
                0x08009d1c       0xb0 CMakeFiles/PMIK.dir/Core/Src/i2c.c.obj
                0x08009d1c                HAL_I2C_MspInit
 .text.MX_SPI1_Init
                0x08009dcc       0x6c CMakeFiles/PMIK.dir/Core/Src/spi.c.obj
                0x08009dcc                MX_SPI1_Init
 .text.HAL_SPI_MspInit
                0x08009e38       0xa0 CMakeFiles/PMIK.dir/Core/Src/spi.c.obj
                0x08009e38                HAL_SPI_MspInit
 .text.MX_TIM2_Init
                0x08009ed8       0xa8 CMakeFiles/PMIK.dir/Core/Src/tim.c.obj
                0x08009ed8                MX_TIM2_Init
 .text.MX_TIM3_Init
                0x08009f80       0x9c CMakeFiles/PMIK.dir/Core/Src/tim.c.obj
                0x08009f80                MX_TIM3_Init
 .text.HAL_TIM_Encoder_MspInit
                0x0800a01c       0x8c CMakeFiles/PMIK.dir/Core/Src/tim.c.obj
                0x0800a01c                HAL_TIM_Encoder_MspInit
 .text.HAL_TIM_Base_MspInit
                0x0800a0a8       0x44 CMakeFiles/PMIK.dir/Core/Src/tim.c.obj
                0x0800a0a8                HAL_TIM_Base_MspInit
 .text.MX_USART2_UART_Init
                0x0800a0ec       0x54 CMakeFiles/PMIK.dir/Core/Src/usart.c.obj
                0x0800a0ec                MX_USART2_UART_Init
 .text.MX_USART6_UART_Init
                0x0800a140       0x54 CMakeFiles/PMIK.dir/Core/Src/usart.c.obj
                0x0800a140                MX_USART6_UART_Init
 .text.HAL_UART_MspInit
                0x0800a194       0xf8 CMakeFiles/PMIK.dir/Core/Src/usart.c.obj
                0x0800a194                HAL_UART_MspInit
 .text.NMI_Handler
                0x0800a28c        0x8 CMakeFiles/PMIK.dir/Core/Src/stm32f4xx_it.c.obj
                0x0800a28c                NMI_Handler
 .text.HardFault_Handler
                0x0800a294        0x8 CMakeFiles/PMIK.dir/Core/Src/stm32f4xx_it.c.obj
                0x0800a294                HardFault_Handler
 .text.MemManage_Handler
                0x0800a29c        0x8 CMakeFiles/PMIK.dir/Core/Src/stm32f4xx_it.c.obj
                0x0800a29c                MemManage_Handler
 .text.BusFault_Handler
                0x0800a2a4        0x8 CMakeFiles/PMIK.dir/Core/Src/stm32f4xx_it.c.obj
                0x0800a2a4                BusFault_Handler
 .text.UsageFault_Handler
                0x0800a2ac        0x8 CMakeFiles/PMIK.dir/Core/Src/stm32f4xx_it.c.obj
                0x0800a2ac                UsageFault_Handler
 .text.SVC_Handler
                0x0800a2b4        0xe CMakeFiles/PMIK.dir/Core/Src/stm32f4xx_it.c.obj
                0x0800a2b4                SVC_Handler
 .text.DebugMon_Handler
                0x0800a2c2        0xe CMakeFiles/PMIK.dir/Core/Src/stm32f4xx_it.c.obj
                0x0800a2c2                DebugMon_Handler
 .text.PendSV_Handler
                0x0800a2d0        0xe CMakeFiles/PMIK.dir/Core/Src/stm32f4xx_it.c.obj
                0x0800a2d0                PendSV_Handler
 .text.SysTick_Handler
                0x0800a2de       0x10 CMakeFiles/PMIK.dir/Core/Src/stm32f4xx_it.c.obj
                0x0800a2de                SysTick_Handler
 .text.EXTI0_IRQHandler
                0x0800a2ee        0xe CMakeFiles/PMIK.dir/Core/Src/stm32f4xx_it.c.obj
                0x0800a2ee                EXTI0_IRQHandler
 .text.EXTI9_5_IRQHandler
                0x0800a2fc       0x18 CMakeFiles/PMIK.dir/Core/Src/stm32f4xx_it.c.obj
                0x0800a2fc                EXTI9_5_IRQHandler
 .text.I2C1_EV_IRQHandler
                0x0800a314       0x14 CMakeFiles/PMIK.dir/Core/Src/stm32f4xx_it.c.obj
                0x0800a314                I2C1_EV_IRQHandler
 .text.I2C1_ER_IRQHandler
                0x0800a328       0x14 CMakeFiles/PMIK.dir/Core/Src/stm32f4xx_it.c.obj
                0x0800a328                I2C1_ER_IRQHandler
 .text.SPI1_IRQHandler
                0x0800a33c       0x14 CMakeFiles/PMIK.dir/Core/Src/stm32f4xx_it.c.obj
                0x0800a33c                SPI1_IRQHandler
 .text.HAL_MspInit
                0x0800a350       0x50 CMakeFiles/PMIK.dir/Core/Src/stm32f4xx_hal_msp.c.obj
                0x0800a350                HAL_MspInit
 .text.HAL_I2C_Init
                0x0800a3a0      0x288 CMakeFiles/PMIK.dir/Drivers/STM32F4xx_HAL_Driver/Src/stm32f4xx_hal_i2c.c.obj
                0x0800a3a0                HAL_I2C_Init
 .text.I2C_Flush_DR
                0x0800a628       0x2a CMakeFiles/PMIK.dir/Drivers/STM32F4xx_HAL_Driver/Src/stm32f4xx_hal_i2c.c.obj
 *fill*         0x0800a652        0x2 
 .text.HAL_I2C_Mem_Write
                0x0800a654      0x1f4 CMakeFiles/PMIK.dir/Drivers/STM32F4xx_HAL_Driver/Src/stm32f4xx_hal_i2c.c.obj
                0x0800a654                HAL_I2C_Mem_Write
 .text.HAL_I2C_Mem_Read
                0x0800a848      0x464 CMakeFiles/PMIK.dir/Drivers/STM32F4xx_HAL_Driver/Src/stm32f4xx_hal_i2c.c.obj
                0x0800a848                HAL_I2C_Mem_Read
 .text.HAL_I2C_EV_IRQHandler
                0x0800acac      0x2a6 CMakeFiles/PMIK.dir/Drivers/STM32F4xx_HAL_Driver/Src/stm32f4xx_hal_i2c.c.obj
                0x0800acac                HAL_I2C_EV_IRQHandler
 .text.HAL_I2C_ER_IRQHandler
                0x0800af52      0x13e CMakeFiles/PMIK.dir/Drivers/STM32F4xx_HAL_Driver/Src/stm32f4xx_hal_i2c.c.obj
                0x0800af52                HAL_I2C_ER_IRQHandler
 .text.HAL_I2C_MasterTxCpltCallback
                0x0800b090       0x14 CMakeFiles/PMIK.dir/Drivers/STM32F4xx_HAL_Driver/Src/stm32f4xx_hal_i2c.c.obj
                0x0800b090                HAL_I2C_MasterTxCpltCallback
 .text.HAL_I2C_MasterRxCpltCallback
                0x0800b0a4       0x14 CMakeFiles/PMIK.dir/Drivers/STM32F4xx_HAL_Driver/Src/stm32f4xx_hal_i2c.c.obj
                0x0800b0a4                HAL_I2C_MasterRxCpltCallback
 .text.HAL_I2C_SlaveTxCpltCallback
                0x0800b0b8       0x14 CMakeFiles/PMIK.dir/Drivers/STM32F4xx_HAL_Driver/Src/stm32f4xx_hal_i2c.c.obj
                0x0800b0b8                HAL_I2C_SlaveTxCpltCallback
 .text.HAL_I2C_SlaveRxCpltCallback
                0x0800b0cc       0x14 CMakeFiles/PMIK.dir/Drivers/STM32F4xx_HAL_Driver/Src/stm32f4xx_hal_i2c.c.obj
                0x0800b0cc                HAL_I2C_SlaveRxCpltCallback
 .text.HAL_I2C_AddrCallback
                0x0800b0e0       0x1c CMakeFiles/PMIK.dir/Drivers/STM32F4xx_HAL_Driver/Src/stm32f4xx_hal_i2c.c.obj
                0x0800b0e0                HAL_I2C_AddrCallback
 .text.HAL_I2C_ListenCpltCallback
                0x0800b0fc       0x14 CMakeFiles/PMIK.dir/Drivers/STM32F4xx_HAL_Driver/Src/stm32f4xx_hal_i2c.c.obj
                0x0800b0fc                HAL_I2C_ListenCpltCallback
 .text.HAL_I2C_MemTxCpltCallback
                0x0800b110       0x14 CMakeFiles/PMIK.dir/Drivers/STM32F4xx_HAL_Driver/Src/stm32f4xx_hal_i2c.c.obj
                0x0800b110                HAL_I2C_MemTxCpltCallback
 .text.HAL_I2C_MemRxCpltCallback
                0x0800b124       0x14 CMakeFiles/PMIK.dir/Drivers/STM32F4xx_HAL_Driver/Src/stm32f4xx_hal_i2c.c.obj
                0x0800b124                HAL_I2C_MemRxCpltCallback
 .text.HAL_I2C_ErrorCallback
                0x0800b138       0x14 CMakeFiles/PMIK.dir/Drivers/STM32F4xx_HAL_Driver/Src/stm32f4xx_hal_i2c.c.obj
                0x0800b138                HAL_I2C_ErrorCallback
 .text.HAL_I2C_AbortCpltCallback
                0x0800b14c       0x14 CMakeFiles/PMIK.dir/Drivers/STM32F4xx_HAL_Driver/Src/stm32f4xx_hal_i2c.c.obj
                0x0800b14c                HAL_I2C_AbortCpltCallback
 .text.I2C_MasterTransmit_TXE
                0x0800b160      0x138 CMakeFiles/PMIK.dir/Drivers/STM32F4xx_HAL_Driver/Src/stm32f4xx_hal_i2c.c.obj
 .text.I2C_MasterTransmit_BTF
                0x0800b298       0xec CMakeFiles/PMIK.dir/Drivers/STM32F4xx_HAL_Driver/Src/stm32f4xx_hal_i2c.c.obj
 .text.I2C_MemoryTransmit_TXE_BTF
                0x0800b384      0x130 CMakeFiles/PMIK.dir/Drivers/STM32F4xx_HAL_Driver/Src/stm32f4xx_hal_i2c.c.obj
 .text.I2C_MasterReceive_RXNE
                0x0800b4b4      0x190 CMakeFiles/PMIK.dir/Drivers/STM32F4xx_HAL_Driver/Src/stm32f4xx_hal_i2c.c.obj
 .text.I2C_MasterReceive_BTF
                0x0800b644      0x1ea CMakeFiles/PMIK.dir/Drivers/STM32F4xx_HAL_Driver/Src/stm32f4xx_hal_i2c.c.obj
 .text.I2C_Master_SB
                0x0800b82e      0x10c CMakeFiles/PMIK.dir/Drivers/STM32F4xx_HAL_Driver/Src/stm32f4xx_hal_i2c.c.obj
 .text.I2C_Master_ADD10
                0x0800b93a       0x54 CMakeFiles/PMIK.dir/Drivers/STM32F4xx_HAL_Driver/Src/stm32f4xx_hal_i2c.c.obj
 .text.I2C_Master_ADDR
                0x0800b98e      0x322 CMakeFiles/PMIK.dir/Drivers/STM32F4xx_HAL_Driver/Src/stm32f4xx_hal_i2c.c.obj
 .text.I2C_SlaveTransmit_TXE
                0x0800bcb0       0x7a CMakeFiles/PMIK.dir/Drivers/STM32F4xx_HAL_Driver/Src/stm32f4xx_hal_i2c.c.obj
 .text.I2C_SlaveTransmit_BTF
                0x0800bd2a       0x42 CMakeFiles/PMIK.dir/Drivers/STM32F4xx_HAL_Driver/Src/stm32f4xx_hal_i2c.c.obj
 .text.I2C_SlaveReceive_RXNE
                0x0800bd6c       0x7c CMakeFiles/PMIK.dir/Drivers/STM32F4xx_HAL_Driver/Src/stm32f4xx_hal_i2c.c.obj
 .text.I2C_SlaveReceive_BTF
                0x0800bde8       0x44 CMakeFiles/PMIK.dir/Drivers/STM32F4xx_HAL_Driver/Src/stm32f4xx_hal_i2c.c.obj
 .text.I2C_Slave_ADDR
                0x0800be2c       0x90 CMakeFiles/PMIK.dir/Drivers/STM32F4xx_HAL_Driver/Src/stm32f4xx_hal_i2c.c.obj
 .text.I2C_Slave_STOPF
                0x0800bebc      0x260 CMakeFiles/PMIK.dir/Drivers/STM32F4xx_HAL_Driver/Src/stm32f4xx_hal_i2c.c.obj
 .text.I2C_Slave_AF
                0x0800c11c       0xe8 CMakeFiles/PMIK.dir/Drivers/STM32F4xx_HAL_Driver/Src/stm32f4xx_hal_i2c.c.obj
 .text.I2C_ITError
                0x0800c204      0x264 CMakeFiles/PMIK.dir/Drivers/STM32F4xx_HAL_Driver/Src/stm32f4xx_hal_i2c.c.obj
 .text.I2C_RequestMemoryWrite
                0x0800c468      0x12c CMakeFiles/PMIK.dir/Drivers/STM32F4xx_HAL_Driver/Src/stm32f4xx_hal_i2c.c.obj
 .text.I2C_RequestMemoryRead
                0x0800c594      0x1d0 CMakeFiles/PMIK.dir/Drivers/STM32F4xx_HAL_Driver/Src/stm32f4xx_hal_i2c.c.obj
 .text.I2C_DMAAbort
                0x0800c764      0x150 CMakeFiles/PMIK.dir/Drivers/STM32F4xx_HAL_Driver/Src/stm32f4xx_hal_i2c.c.obj
 .text.I2C_WaitOnFlagUntilTimeout
                0x0800c8b4       0xf4 CMakeFiles/PMIK.dir/Drivers/STM32F4xx_HAL_Driver/Src/stm32f4xx_hal_i2c.c.obj
 .text.I2C_WaitOnMasterAddressFlagUntilTimeout
                0x0800c9a8      0x140 CMakeFiles/PMIK.dir/Drivers/STM32F4xx_HAL_Driver/Src/stm32f4xx_hal_i2c.c.obj
 .text.I2C_WaitOnTXEFlagUntilTimeout
                0x0800cae8       0x90 CMakeFiles/PMIK.dir/Drivers/STM32F4xx_HAL_Driver/Src/stm32f4xx_hal_i2c.c.obj
 .text.I2C_WaitOnBTFFlagUntilTimeout
                0x0800cb78       0x90 CMakeFiles/PMIK.dir/Drivers/STM32F4xx_HAL_Driver/Src/stm32f4xx_hal_i2c.c.obj
 .text.I2C_WaitOnSTOPRequestThroughIT
                0x0800cc08       0x64 CMakeFiles/PMIK.dir/Drivers/STM32F4xx_HAL_Driver/Src/stm32f4xx_hal_i2c.c.obj
 .text.I2C_WaitOnRXNEFlagUntilTimeout
                0x0800cc6c       0xba CMakeFiles/PMIK.dir/Drivers/STM32F4xx_HAL_Driver/Src/stm32f4xx_hal_i2c.c.obj
 .text.I2C_IsAcknowledgeFailed
                0x0800cd26       0x5e CMakeFiles/PMIK.dir/Drivers/STM32F4xx_HAL_Driver/Src/stm32f4xx_hal_i2c.c.obj
 .text.I2C_ConvertOtherXferOptions
                0x0800cd84       0x36 CMakeFiles/PMIK.dir/Drivers/STM32F4xx_HAL_Driver/Src/stm32f4xx_hal_i2c.c.obj
 *fill*         0x0800cdba        0x2 
 .text.HAL_RCC_OscConfig
                0x0800cdbc      0x4f0 CMakeFiles/PMIK.dir/Drivers/STM32F4xx_HAL_Driver/Src/stm32f4xx_hal_rcc.c.obj
                0x0800cdbc                HAL_RCC_OscConfig
 .text.HAL_RCC_ClockConfig
                0x0800d2ac      0x1cc CMakeFiles/PMIK.dir/Drivers/STM32F4xx_HAL_Driver/Src/stm32f4xx_hal_rcc.c.obj
                0x0800d2ac                HAL_RCC_ClockConfig
 .text.HAL_RCC_GetSysClockFreq
                0x0800d478      0x18c CMakeFiles/PMIK.dir/Drivers/STM32F4xx_HAL_Driver/Src/stm32f4xx_hal_rcc.c.obj
                0x0800d478                HAL_RCC_GetSysClockFreq
 .text.HAL_RCC_GetHCLKFreq
                0x0800d604       0x18 CMakeFiles/PMIK.dir/Drivers/STM32F4xx_HAL_Driver/Src/stm32f4xx_hal_rcc.c.obj
                0x0800d604                HAL_RCC_GetHCLKFreq
 .text.HAL_RCC_GetPCLK1Freq
                0x0800d61c       0x28 CMakeFiles/PMIK.dir/Drivers/STM32F4xx_HAL_Driver/Src/stm32f4xx_hal_rcc.c.obj
                0x0800d61c                HAL_RCC_GetPCLK1Freq
 .text.HAL_RCC_GetPCLK2Freq
                0x0800d644       0x28 CMakeFiles/PMIK.dir/Drivers/STM32F4xx_HAL_Driver/Src/stm32f4xx_hal_rcc.c.obj
                0x0800d644                HAL_RCC_GetPCLK2Freq
 .text.HAL_GPIO_Init
                0x0800d66c      0x308 CMakeFiles/PMIK.dir/Drivers/STM32F4xx_HAL_Driver/Src/stm32f4xx_hal_gpio.c.obj
                0x0800d66c                HAL_GPIO_Init
 .text.HAL_GPIO_WritePin
                0x0800d974       0x32 CMakeFiles/PMIK.dir/Drivers/STM32F4xx_HAL_Driver/Src/stm32f4xx_hal_gpio.c.obj
                0x0800d974                HAL_GPIO_WritePin
 *fill*         0x0800d9a6        0x2 
 .text.HAL_GPIO_EXTI_IRQHandler
                0x0800d9a8       0x30 CMakeFiles/PMIK.dir/Drivers/STM32F4xx_HAL_Driver/Src/stm32f4xx_hal_gpio.c.obj
                0x0800d9a8                HAL_GPIO_EXTI_IRQHandler
 .text.HAL_DMA_Abort_IT
                0x0800d9d8       0x44 CMakeFiles/PMIK.dir/Drivers/STM32F4xx_HAL_Driver/Src/stm32f4xx_hal_dma.c.obj
                0x0800d9d8                HAL_DMA_Abort_IT
 .text.HAL_DMA_GetState
                0x0800da1c       0x1c CMakeFiles/PMIK.dir/Drivers/STM32F4xx_HAL_Driver/Src/stm32f4xx_hal_dma.c.obj
                0x0800da1c                HAL_DMA_GetState
 .text.__NVIC_SetPriorityGrouping
                0x0800da38       0x48 CMakeFiles/PMIK.dir/Drivers/STM32F4xx_HAL_Driver/Src/stm32f4xx_hal_cortex.c.obj
 .text.__NVIC_GetPriorityGrouping
                0x0800da80       0x1c CMakeFiles/PMIK.dir/Drivers/STM32F4xx_HAL_Driver/Src/stm32f4xx_hal_cortex.c.obj
 .text.__NVIC_EnableIRQ
                0x0800da9c       0x3c CMakeFiles/PMIK.dir/Drivers/STM32F4xx_HAL_Driver/Src/stm32f4xx_hal_cortex.c.obj
 .text.__NVIC_SetPriority
                0x0800dad8       0x54 CMakeFiles/PMIK.dir/Drivers/STM32F4xx_HAL_Driver/Src/stm32f4xx_hal_cortex.c.obj
 .text.NVIC_EncodePriority
                0x0800db2c       0x66 CMakeFiles/PMIK.dir/Drivers/STM32F4xx_HAL_Driver/Src/stm32f4xx_hal_cortex.c.obj
 *fill*         0x0800db92        0x2 
 .text.SysTick_Config
                0x0800db94       0x44 CMakeFiles/PMIK.dir/Drivers/STM32F4xx_HAL_Driver/Src/stm32f4xx_hal_cortex.c.obj
 .text.HAL_NVIC_SetPriorityGrouping
                0x0800dbd8       0x16 CMakeFiles/PMIK.dir/Drivers/STM32F4xx_HAL_Driver/Src/stm32f4xx_hal_cortex.c.obj
                0x0800dbd8                HAL_NVIC_SetPriorityGrouping
 .text.HAL_NVIC_SetPriority
                0x0800dbee       0x38 CMakeFiles/PMIK.dir/Drivers/STM32F4xx_HAL_Driver/Src/stm32f4xx_hal_cortex.c.obj
                0x0800dbee                HAL_NVIC_SetPriority
 .text.HAL_NVIC_EnableIRQ
                0x0800dc26       0x1c CMakeFiles/PMIK.dir/Drivers/STM32F4xx_HAL_Driver/Src/stm32f4xx_hal_cortex.c.obj
                0x0800dc26                HAL_NVIC_EnableIRQ
 .text.HAL_SYSTICK_Config
                0x0800dc42       0x18 CMakeFiles/PMIK.dir/Drivers/STM32F4xx_HAL_Driver/Src/stm32f4xx_hal_cortex.c.obj
                0x0800dc42                HAL_SYSTICK_Config
 .text.HAL_SYSTICK_IRQHandler
                0x0800dc5a        0xc CMakeFiles/PMIK.dir/Drivers/STM32F4xx_HAL_Driver/Src/stm32f4xx_hal_cortex.c.obj
                0x0800dc5a                HAL_SYSTICK_IRQHandler
 *fill*         0x0800dc66        0x2 
 .text.HAL_Init
                0x0800dc68       0x44 CMakeFiles/PMIK.dir/Drivers/STM32F4xx_HAL_Driver/Src/stm32f4xx_hal.c.obj
                0x0800dc68                HAL_Init
 .text.HAL_InitTick
                0x0800dcac       0x60 CMakeFiles/PMIK.dir/Drivers/STM32F4xx_HAL_Driver/Src/stm32f4xx_hal.c.obj
                0x0800dcac                HAL_InitTick
 .text.HAL_IncTick
                0x0800dd0c       0x28 CMakeFiles/PMIK.dir/Drivers/STM32F4xx_HAL_Driver/Src/stm32f4xx_hal.c.obj
                0x0800dd0c                HAL_IncTick
 .text.HAL_GetTick
                0x0800dd34       0x18 CMakeFiles/PMIK.dir/Drivers/STM32F4xx_HAL_Driver/Src/stm32f4xx_hal.c.obj
                0x0800dd34                HAL_GetTick
 .text.HAL_Delay
                0x0800dd4c       0x48 CMakeFiles/PMIK.dir/Drivers/STM32F4xx_HAL_Driver/Src/stm32f4xx_hal.c.obj
                0x0800dd4c                HAL_Delay
 .text.HAL_SPI_Init
                0x0800dd94      0x112 CMakeFiles/PMIK.dir/Drivers/STM32F4xx_HAL_Driver/Src/stm32f4xx_hal_spi.c.obj
                0x0800dd94                HAL_SPI_Init
 .text.HAL_SPI_Transmit
                0x0800dea6      0x288 CMakeFiles/PMIK.dir/Drivers/STM32F4xx_HAL_Driver/Src/stm32f4xx_hal_spi.c.obj
                0x0800dea6                HAL_SPI_Transmit
 .text.HAL_SPI_Receive
                0x0800e12e      0x232 CMakeFiles/PMIK.dir/Drivers/STM32F4xx_HAL_Driver/Src/stm32f4xx_hal_spi.c.obj
                0x0800e12e                HAL_SPI_Receive
 .text.HAL_SPI_TransmitReceive
                0x0800e360      0x352 CMakeFiles/PMIK.dir/Drivers/STM32F4xx_HAL_Driver/Src/stm32f4xx_hal_spi.c.obj
                0x0800e360                HAL_SPI_TransmitReceive
 *fill*         0x0800e6b2        0x2 
 .text.HAL_SPI_IRQHandler
                0x0800e6b4      0x1e8 CMakeFiles/PMIK.dir/Drivers/STM32F4xx_HAL_Driver/Src/stm32f4xx_hal_spi.c.obj
                0x0800e6b4                HAL_SPI_IRQHandler
 .text.HAL_SPI_ErrorCallback
                0x0800e89c       0x14 CMakeFiles/PMIK.dir/Drivers/STM32F4xx_HAL_Driver/Src/stm32f4xx_hal_spi.c.obj
                0x0800e89c                HAL_SPI_ErrorCallback
 .text.SPI_DMAAbortOnError
                0x0800e8b0       0x28 CMakeFiles/PMIK.dir/Drivers/STM32F4xx_HAL_Driver/Src/stm32f4xx_hal_spi.c.obj
 .text.SPI_WaitFlagStateUntilTimeout
                0x0800e8d8      0x110 CMakeFiles/PMIK.dir/Drivers/STM32F4xx_HAL_Driver/Src/stm32f4xx_hal_spi.c.obj
 .text.SPI_EndRxTransaction
                0x0800e9e8       0xca CMakeFiles/PMIK.dir/Drivers/STM32F4xx_HAL_Driver/Src/stm32f4xx_hal_spi.c.obj
 *fill*         0x0800eab2        0x2 
 .text.SPI_EndRxTxTransaction
                0x0800eab4       0xa8 CMakeFiles/PMIK.dir/Drivers/STM32F4xx_HAL_Driver/Src/stm32f4xx_hal_spi.c.obj
 .text.HAL_TIM_Base_Init
                0x0800eb5c       0x9e CMakeFiles/PMIK.dir/Drivers/STM32F4xx_HAL_Driver/Src/stm32f4xx_hal_tim.c.obj
                0x0800eb5c                HAL_TIM_Base_Init
 *fill*         0x0800ebfa        0x2 
 .text.HAL_TIM_Base_Start
                0x0800ebfc       0xb4 CMakeFiles/PMIK.dir/Drivers/STM32F4xx_HAL_Driver/Src/stm32f4xx_hal_tim.c.obj
                0x0800ebfc                HAL_TIM_Base_Start
 .text.HAL_TIM_Encoder_Init
                0x0800ecb0      0x14c CMakeFiles/PMIK.dir/Drivers/STM32F4xx_HAL_Driver/Src/stm32f4xx_hal_tim.c.obj
                0x0800ecb0                HAL_TIM_Encoder_Init
 .text.HAL_TIM_Encoder_Start
                0x0800edfc      0x11c CMakeFiles/PMIK.dir/Drivers/STM32F4xx_HAL_Driver/Src/stm32f4xx_hal_tim.c.obj
                0x0800edfc                HAL_TIM_Encoder_Start
 .text.HAL_TIM_ConfigClockSource
                0x0800ef18      0x18e CMakeFiles/PMIK.dir/Drivers/STM32F4xx_HAL_Driver/Src/stm32f4xx_hal_tim.c.obj
                0x0800ef18                HAL_TIM_ConfigClockSource
 *fill*         0x0800f0a6        0x2 
 .text.TIM_Base_SetConfig
                0x0800f0a8      0x118 CMakeFiles/PMIK.dir/Drivers/STM32F4xx_HAL_Driver/Src/stm32f4xx_hal_tim.c.obj
                0x0800f0a8                TIM_Base_SetConfig
 .text.TIM_TI1_ConfigInputStage
                0x0800f1c0       0x5e CMakeFiles/PMIK.dir/Drivers/STM32F4xx_HAL_Driver/Src/stm32f4xx_hal_tim.c.obj
 .text.TIM_TI2_ConfigInputStage
                0x0800f21e       0x60 CMakeFiles/PMIK.dir/Drivers/STM32F4xx_HAL_Driver/Src/stm32f4xx_hal_tim.c.obj
 .text.TIM_ITRx_SetConfig
                0x0800f27e       0x36 CMakeFiles/PMIK.dir/Drivers/STM32F4xx_HAL_Driver/Src/stm32f4xx_hal_tim.c.obj
 .text.TIM_ETR_SetConfig
                0x0800f2b4       0x40 CMakeFiles/PMIK.dir/Drivers/STM32F4xx_HAL_Driver/Src/stm32f4xx_hal_tim.c.obj
                0x0800f2b4                TIM_ETR_SetConfig
 .text.TIM_CCxChannelCmd
                0x0800f2f4       0x4a CMakeFiles/PMIK.dir/Drivers/STM32F4xx_HAL_Driver/Src/stm32f4xx_hal_tim.c.obj
                0x0800f2f4                TIM_CCxChannelCmd
 *fill*         0x0800f33e        0x2 
 .text.HAL_TIMEx_MasterConfigSynchronization
                0x0800f340       0xdc CMakeFiles/PMIK.dir/Drivers/STM32F4xx_HAL_Driver/Src/stm32f4xx_hal_tim_ex.c.obj
                0x0800f340                HAL_TIMEx_MasterConfigSynchronization
 .text.HAL_UART_Init
                0x0800f41c       0xa0 CMakeFiles/PMIK.dir/Drivers/STM32F4xx_HAL_Driver/Src/stm32f4xx_hal_uart.c.obj
                0x0800f41c                HAL_UART_Init
 .text.HAL_UART_Transmit
                0x0800f4bc      0x116 CMakeFiles/PMIK.dir/Drivers/STM32F4xx_HAL_Driver/Src/stm32f4xx_hal_uart.c.obj
                0x0800f4bc                HAL_UART_Transmit
 .text.UART_WaitOnFlagUntilTimeout
                0x0800f5d2       0xb2 CMakeFiles/PMIK.dir/Drivers/STM32F4xx_HAL_Driver/Src/stm32f4xx_hal_uart.c.obj
 .text.UART_EndRxTransfer
                0x0800f684       0xc6 CMakeFiles/PMIK.dir/Drivers/STM32F4xx_HAL_Driver/Src/stm32f4xx_hal_uart.c.obj
 *fill*         0x0800f74a        0x2 
 .text.UART_SetConfig
                0x0800f74c      0x4e8 CMakeFiles/PMIK.dir/Drivers/STM32F4xx_HAL_Driver/Src/stm32f4xx_hal_uart.c.obj
 .text.SystemInit
                0x0800fc34       0x24 CMakeFiles/PMIK.dir/Core/Src/system_stm32f4xx.c.obj
                0x0800fc34                SystemInit
 .text._sbrk    0x0800fc58       0x6c CMakeFiles/PMIK.dir/Core/Src/sysmem.c.obj
                0x0800fc58                _sbrk
 .text._getpid  0x0800fcc4       0x10 CMakeFiles/PMIK.dir/Core/Src/syscalls.c.obj
                0x0800fcc4                _getpid
 .text._kill    0x0800fcd4       0x20 CMakeFiles/PMIK.dir/Core/Src/syscalls.c.obj
                0x0800fcd4                _kill
 .text._exit    0x0800fcf4       0x16 CMakeFiles/PMIK.dir/Core/Src/syscalls.c.obj
                0x0800fcf4                _exit
 .text._read    0x0800fd0a       0x3a CMakeFiles/PMIK.dir/Core/Src/syscalls.c.obj
                0x0800fd0a                _read
 .text._write   0x0800fd44       0x38 CMakeFiles/PMIK.dir/Core/Src/syscalls.c.obj
                0x0800fd44                _write
 .text._close   0x0800fd7c       0x18 CMakeFiles/PMIK.dir/Core/Src/syscalls.c.obj
                0x0800fd7c                _close
 .text._fstat   0x0800fd94       0x20 CMakeFiles/PMIK.dir/Core/Src/syscalls.c.obj
                0x0800fd94                _fstat
 .text._isatty  0x0800fdb4       0x16 CMakeFiles/PMIK.dir/Core/Src/syscalls.c.obj
                0x0800fdb4                _isatty
 .text._lseek   0x0800fdca       0x1a CMakeFiles/PMIK.dir/Core/Src/syscalls.c.obj
                0x0800fdca                _lseek
 .text.Reset_Handler
                0x0800fde4       0x50 CMakeFiles/PMIK.dir/startup_stm32f411xe.s.obj
                0x0800fde4                Reset_Handler
 .text.Default_Handler
                0x0800fe34        0x2 CMakeFiles/PMIK.dir/startup_stm32f411xe.s.obj
                0x0800fe34                RTC_Alarm_IRQHandler
                0x0800fe34                EXTI2_IRQHandler
                0x0800fe34                SPI4_IRQHandler
                0x0800fe34                TIM1_CC_IRQHandler
                0x0800fe34                DMA2_Stream5_IRQHandler
                0x0800fe34                DMA1_Stream5_IRQHandler
                0x0800fe34                PVD_IRQHandler
                0x0800fe34                SDIO_IRQHandler
                0x0800fe34                TAMP_STAMP_IRQHandler
                0x0800fe34                EXTI3_IRQHandler
                0x0800fe34                TIM1_UP_TIM10_IRQHandler
                0x0800fe34                I2C3_ER_IRQHandler
                0x0800fe34                I2C2_EV_IRQHandler
                0x0800fe34                DMA1_Stream2_IRQHandler
                0x0800fe34                FPU_IRQHandler
                0x0800fe34                DMA2_Stream2_IRQHandler
                0x0800fe34                TIM1_BRK_TIM9_IRQHandler
                0x0800fe34                DMA2_Stream3_IRQHandler
                0x0800fe34                USART6_IRQHandler
                0x0800fe34                DMA2_Stream0_IRQHandler
                0x0800fe34                TIM4_IRQHandler
                0x0800fe34                DMA1_Stream6_IRQHandler
                0x0800fe34                DMA1_Stream1_IRQHandler
                0x0800fe34                TIM3_IRQHandler
                0x0800fe34                RCC_IRQHandler
                0x0800fe34                Default_Handler
                0x0800fe34                EXTI15_10_IRQHandler
                0x0800fe34                ADC_IRQHandler
                0x0800fe34                DMA1_Stream7_IRQHandler
                0x0800fe34                SPI5_IRQHandler
                0x0800fe34                TIM5_IRQHandler
                0x0800fe34                DMA2_Stream7_IRQHandler
                0x0800fe34                I2C3_EV_IRQHandler
                0x0800fe34                RTC_WKUP_IRQHandler
                0x0800fe34                SPI2_IRQHandler
                0x0800fe34                DMA1_Stream0_IRQHandler
                0x0800fe34                EXTI4_IRQHandler
                0x0800fe34                WWDG_IRQHandler
                0x0800fe34                TIM2_IRQHandler
                0x0800fe34                OTG_FS_WKUP_IRQHandler
                0x0800fe34                TIM1_TRG_COM_TIM11_IRQHandler
                0x0800fe34                EXTI1_IRQHandler
                0x0800fe34                USART2_IRQHandler
                0x0800fe34                I2C2_ER_IRQHandler
                0x0800fe34                DMA2_Stream1_IRQHandler
                0x0800fe34                FLASH_IRQHandler
                0x0800fe34                DMA2_Stream4_IRQHandler
                0x0800fe34                USART1_IRQHandler
                0x0800fe34                OTG_FS_IRQHandler
                0x0800fe34                SPI3_IRQHandler
                0x0800fe34                DMA1_Stream4_IRQHandler
                0x0800fe34                DMA2_Stream6_IRQHandler
                0x0800fe34                DMA1_Stream3_IRQHandler
 *fill*         0x0800fe36        0x2 
 .text.printf   0x0800fe38       0x24 C:/ST/STM32CubeCLT_1.17.0/GNU-tools-for-STM32/bin/../lib/gcc/arm-none-eabi/12.3.1/../../../../arm-none-eabi/lib/thumb/v7e-m+fp/hard\libg_nano.a(libc_a-printf.o)
                0x0800fe38                iprintf
                0x0800fe38                printf
 .text._puts_r  0x0800fe5c       0xaa C:/ST/STM32CubeCLT_1.17.0/GNU-tools-for-STM32/bin/../lib/gcc/arm-none-eabi/12.3.1/../../../../arm-none-eabi/lib/thumb/v7e-m+fp/hard\libg_nano.a(libc_a-puts.o)
                0x0800fe5c                _puts_r
 *fill*         0x0800ff06        0x2 
 .text.puts     0x0800ff08       0x10 C:/ST/STM32CubeCLT_1.17.0/GNU-tools-for-STM32/bin/../lib/gcc/arm-none-eabi/12.3.1/../../../../arm-none-eabi/lib/thumb/v7e-m+fp/hard\libg_nano.a(libc_a-puts.o)
                0x0800ff08                puts
 .text.snprintf
                0x0800ff18       0x68 C:/ST/STM32CubeCLT_1.17.0/GNU-tools-for-STM32/bin/../lib/gcc/arm-none-eabi/12.3.1/../../../../arm-none-eabi/lib/thumb/v7e-m+fp/hard\libg_nano.a(libc_a-snprintf.o)
                0x0800ff18                sniprintf
                0x0800ff18                snprintf
 .text.sprintf  0x0800ff80       0x40 C:/ST/STM32CubeCLT_1.17.0/GNU-tools-for-STM32/bin/../lib/gcc/arm-none-eabi/12.3.1/../../../../arm-none-eabi/lib/thumb/v7e-m+fp/hard\libg_nano.a(libc_a-sprintf.o)
                0x0800ff80                siprintf
                0x0800ff80                sprintf
 .text.strcat   0x0800ffc0       0x1e C:/ST/STM32CubeCLT_1.17.0/GNU-tools-for-STM32/bin/../lib/gcc/arm-none-eabi/12.3.1/../../../../arm-none-eabi/lib/thumb/v7e-m+fp/hard\libg_nano.a(libc_a-strcat.o)
                0x0800ffc0                strcat
 .text.strncpy  0x0800ffde       0x26 C:/ST/STM32CubeCLT_1.17.0/GNU-tools-for-STM32/bin/../lib/gcc/arm-none-eabi/12.3.1/../../../../arm-none-eabi/lib/thumb/v7e-m+fp/hard\libg_nano.a(libc_a-strncpy.o)
                0x0800ffde                strncpy
 .text.strtok   0x08010004       0x68 C:/ST/STM32CubeCLT_1.17.0/GNU-tools-for-STM32/bin/../lib/gcc/arm-none-eabi/12.3.1/../../../../arm-none-eabi/lib/thumb/v7e-m+fp/hard\libg_nano.a(libc_a-strtok.o)
                0x08010004                strtok
 .text.__strtok_r
                0x0801006c       0x50 C:/ST/STM32CubeCLT_1.17.0/GNU-tools-for-STM32/bin/../lib/gcc/arm-none-eabi/12.3.1/../../../../arm-none-eabi/lib/thumb/v7e-m+fp/hard\libg_nano.a(libc_a-strtok_r.o)
                0x0801006c                __strtok_r
 .text.strstr   0x080100bc       0x2c C:/ST/STM32CubeCLT_1.17.0/GNU-tools-for-STM32/bin/../lib/gcc/arm-none-eabi/12.3.1/../../../../arm-none-eabi/lib/thumb/v7e-m+fp/hard\libg_nano.a(libc_a-strstr.o)
                0x080100bc                strstr
 .text.__errno  0x080100e8        0xc C:/ST/STM32CubeCLT_1.17.0/GNU-tools-for-STM32/bin/../lib/gcc/arm-none-eabi/12.3.1/../../../../arm-none-eabi/lib/thumb/v7e-m+fp/hard\libg_nano.a(libc_a-errno.o)
                0x080100e8                __errno
 .text.strcpy   0x080100f4       0x10 C:/ST/STM32CubeCLT_1.17.0/GNU-tools-for-STM32/bin/../lib/gcc/arm-none-eabi/12.3.1/../../../../arm-none-eabi/lib/thumb/v7e-m+fp/hard\libg_nano.a(libc_a-strcpy.o)
                0x080100f4                strcpy
 .text.__ssputs_r
                0x08010104       0xb6 C:/ST/STM32CubeCLT_1.17.0/GNU-tools-for-STM32/bin/../lib/gcc/arm-none-eabi/12.3.1/../../../../arm-none-eabi/lib/thumb/v7e-m+fp/hard\libg_nano.a(libc_a-nano-svfprintf.o)
                0x08010104                __ssputs_r
 *fill*         0x080101ba        0x2 
 .text._svfprintf_r
                0x080101bc      0x1f8 C:/ST/STM32CubeCLT_1.17.0/GNU-tools-for-STM32/bin/../lib/gcc/arm-none-eabi/12.3.1/../../../../arm-none-eabi/lib/thumb/v7e-m+fp/hard\libg_nano.a(libc_a-nano-svfprintf.o)
                0x080101bc                _svfiprintf_r
                0x080101bc                _svfprintf_r
 *(.glue_7)
 .glue_7        0x080103b4        0x0 linker stubs
 *(.glue_7t)
 .glue_7t       0x080103b4        0x0 linker stubs
 *(.eh_frame)
 .eh_frame      0x080103b4        0x0 C:/ST/STM32CubeCLT_1.17.0/GNU-tools-for-STM32/bin/../lib/gcc/arm-none-eabi/12.3.1/thumb/v7e-m+fp/hard/crtbegin.o
 *(.init)
 .init          0x080103b4        0x4 C:/ST/STM32CubeCLT_1.17.0/GNU-tools-for-STM32/bin/../lib/gcc/arm-none-eabi/12.3.1/thumb/v7e-m+fp/hard/crti.o
                0x080103b4                _init
 .init          0x080103b8        0x8 C:/ST/STM32CubeCLT_1.17.0/GNU-tools-for-STM32/bin/../lib/gcc/arm-none-eabi/12.3.1/thumb/v7e-m+fp/hard/crtn.o
 *(.fini)
 .fini          0x080103c0        0x4 C:/ST/STM32CubeCLT_1.17.0/GNU-tools-for-STM32/bin/../lib/gcc/arm-none-eabi/12.3.1/thumb/v7e-m+fp/hard/crti.o
                0x080103c0                _fini
 .fini          0x080103c4        0x8 C:/ST/STM32CubeCLT_1.17.0/GNU-tools-for-STM32/bin/../lib/gcc/arm-none-eabi/12.3.1/thumb/v7e-m+fp/hard/crtn.o
                0x080103cc                        . = ALIGN (0x4)
                0x080103cc                        _etext = .

.vfp11_veneer   0x080103cc        0x0
 .vfp11_veneer  0x080103cc        0x0 linker stubs

.v4_bx          0x080103cc        0x0
 .v4_bx         0x080103cc        0x0 linker stubs

.iplt           0x080103cc        0x0
 .iplt          0x080103cc        0x0 C:/ST/STM32CubeCLT_1.17.0/GNU-tools-for-STM32/bin/../lib/gcc/arm-none-eabi/12.3.1/thumb/v7e-m+fp/hard/crtbegin.o

.rodata         0x080103d0     0x1990
                0x080103d0                        . = ALIGN (0x4)
 *(.rodata)
 .rodata        0x080103d0      0x694 CMakeFiles/PMIK.dir/Core/Src/main.c.obj
 .rodata        0x08010a64        0x3 CMakeFiles/PMIK.dir/Core/Src/printer.c.obj
 *fill*         0x08010a67        0x1 
 .rodata        0x08010a68       0x11 CMakeFiles/PMIK.dir/Core/Src/display.c.obj
 *fill*         0x08010a79        0x3 
 .rodata        0x08010a7c      0x7cd CMakeFiles/PMIK.dir/Core/Src/httpServer.c.obj
 *fill*         0x08011249        0x3 
 .rodata        0x0801124c      0x5fa CMakeFiles/PMIK.dir/Core/Src/httpParser.c.obj
 *fill*         0x08011846        0x2 
 .rodata        0x08011848        0xf CMakeFiles/PMIK.dir/Core/Src/httpUtil.c.obj
 *fill*         0x08011857        0x1 
 .rodata        0x08011858       0x12 CMakeFiles/PMIK.dir/Core/Src/dhcp.c.obj
 *(.rodata*)
 .rodata._printf_float.str1.1
                0x0801186a       0x12 C:/ST/STM32CubeCLT_1.17.0/GNU-tools-for-STM32/bin/../lib/gcc/arm-none-eabi/12.3.1/../../../../arm-none-eabi/lib/thumb/v7e-m+fp/hard\libc_nano.a(libc_a-nano-vfprintf_float.o)
 .rodata._printf_i.str1.1
                0x0801187c       0x22 C:/ST/STM32CubeCLT_1.17.0/GNU-tools-for-STM32/bin/../lib/gcc/arm-none-eabi/12.3.1/../../../../arm-none-eabi/lib/thumb/v7e-m+fp/hard\libc_nano.a(libc_a-nano-vfprintf_i.o)
 .rodata._dtoa_r.str1.1
                0x0801189e       0x8d C:/ST/STM32CubeCLT_1.17.0/GNU-tools-for-STM32/bin/../lib/gcc/arm-none-eabi/12.3.1/../../../../arm-none-eabi/lib/thumb/v7e-m+fp/hard\libc_nano.a(libc_a-dtoa.o)
                                 0x8f (size before relaxing)
 .rodata._Balloc.str1.1
                0x0801192b       0x59 C:/ST/STM32CubeCLT_1.17.0/GNU-tools-for-STM32/bin/../lib/gcc/arm-none-eabi/12.3.1/../../../../arm-none-eabi/lib/thumb/v7e-m+fp/hard\libc_nano.a(libc_a-mprec.o)
                                 0x70 (size before relaxing)
 .rodata.__multadd.str1.1
                0x08011984       0x11 C:/ST/STM32CubeCLT_1.17.0/GNU-tools-for-STM32/bin/../lib/gcc/arm-none-eabi/12.3.1/../../../../arm-none-eabi/lib/thumb/v7e-m+fp/hard\libc_nano.a(libc_a-mprec.o)
 .rodata.p05.0  0x08011984        0xc C:/ST/STM32CubeCLT_1.17.0/GNU-tools-for-STM32/bin/../lib/gcc/arm-none-eabi/12.3.1/../../../../arm-none-eabi/lib/thumb/v7e-m+fp/hard\libc_nano.a(libc_a-mprec.o)
 .rodata.__mprec_bigtens
                0x08011990       0x28 C:/ST/STM32CubeCLT_1.17.0/GNU-tools-for-STM32/bin/../lib/gcc/arm-none-eabi/12.3.1/../../../../arm-none-eabi/lib/thumb/v7e-m+fp/hard\libc_nano.a(libc_a-mprec.o)
                0x08011990                __mprec_bigtens
 .rodata.__mprec_tens
                0x080119b8       0xc8 C:/ST/STM32CubeCLT_1.17.0/GNU-tools-for-STM32/bin/../lib/gcc/arm-none-eabi/12.3.1/../../../../arm-none-eabi/lib/thumb/v7e-m+fp/hard\libc_nano.a(libc_a-mprec.o)
                0x080119b8                __mprec_tens
 .rodata._setlocale_r.str1.1
                0x08011a80        0x8 C:/ST/STM32CubeCLT_1.17.0/GNU-tools-for-STM32/bin/../lib/gcc/arm-none-eabi/12.3.1/../../../../arm-none-eabi/lib/thumb/v7e-m+fp/hard\libc_nano.a(libc_a-locale.o)
                                  0x9 (size before relaxing)
 .rodata.str1.1
                0x08011a88        0x2 C:/ST/STM32CubeCLT_1.17.0/GNU-tools-for-STM32/bin/../lib/gcc/arm-none-eabi/12.3.1/../../../../arm-none-eabi/lib/thumb/v7e-m+fp/hard\libc_nano.a(libc_a-locale.o)
 .rodata.__assert_func.str1.1
                0x08011a8a       0x3c C:/ST/STM32CubeCLT_1.17.0/GNU-tools-for-STM32/bin/../lib/gcc/arm-none-eabi/12.3.1/../../../../arm-none-eabi/lib/thumb/v7e-m+fp/hard\libc_nano.a(libc_a-assert.o)
                                 0x3d (size before relaxing)
 .rodata._ctype_
                0x08011ac6      0x101 C:/ST/STM32CubeCLT_1.17.0/GNU-tools-for-STM32/bin/../lib/gcc/arm-none-eabi/12.3.1/../../../../arm-none-eabi/lib/thumb/v7e-m+fp/hard\libc_nano.a(libc_a-ctype_.o)
                0x08011ac6                _ctype_
 .rodata._vfprintf_r.str1.1
                0x08011bc7       0x11 C:/ST/STM32CubeCLT_1.17.0/GNU-tools-for-STM32/bin/../lib/gcc/arm-none-eabi/12.3.1/../../../../arm-none-eabi/lib/thumb/v7e-m+fp/hard\libc_nano.a(libc_a-nano-vfprintf.o)
 .rodata.ERROR_HTML_PAGE
                0x08011bd8       0x99 CMakeFiles/PMIK.dir/Core/Src/httpServer.c.obj
 *fill*         0x08011c71        0x3 
 .rodata.ERROR_REQUEST_PAGE
                0x08011c74       0x76 CMakeFiles/PMIK.dir/Core/Src/httpServer.c.obj
 *fill*         0x08011cea        0x2 
 .rodata.AHBPrescTable
                0x08011cec       0x10 CMakeFiles/PMIK.dir/Core/Src/system_stm32f4xx.c.obj
                0x08011cec                AHBPrescTable
 .rodata.APBPrescTable
                0x08011cfc        0x8 CMakeFiles/PMIK.dir/Core/Src/system_stm32f4xx.c.obj
                0x08011cfc                APBPrescTable
 .rodata.strtok.str1.1
                0x08011d04       0x5a C:/ST/STM32CubeCLT_1.17.0/GNU-tools-for-STM32/bin/../lib/gcc/arm-none-eabi/12.3.1/../../../../arm-none-eabi/lib/thumb/v7e-m+fp/hard\libg_nano.a(libc_a-strtok.o)
                                 0x71 (size before relaxing)
 .rodata._svfprintf_r.str1.1
                0x08011d5e       0x11 C:/ST/STM32CubeCLT_1.17.0/GNU-tools-for-STM32/bin/../lib/gcc/arm-none-eabi/12.3.1/../../../../arm-none-eabi/lib/thumb/v7e-m+fp/hard\libg_nano.a(libc_a-nano-svfprintf.o)
                0x08011d70                        . = ALIGN (0x4)
 *fill*         0x08011d5e        0x2 

.ARM.extab
 *(.ARM.extab* .gnu.linkonce.armextab.*)

.ARM            0x08011d60        0x8
                0x08011d60                        __exidx_start = .
 *(.ARM.exidx*)
 .ARM.exidx     0x08011d60        0x8 C:/ST/STM32CubeCLT_1.17.0/GNU-tools-for-STM32/bin/../lib/gcc/arm-none-eabi/12.3.1/../../../../arm-none-eabi/lib/thumb/v7e-m+fp/hard\libc_nano.a(libc_a-memchr.o)
 .ARM.exidx     0x08011d68        0x0 C:/ST/STM32CubeCLT_1.17.0/GNU-tools-for-STM32/bin/../lib/gcc/arm-none-eabi/12.3.1/../../../../arm-none-eabi/lib/thumb/v7e-m+fp/hard\libc_nano.a(libc_a-strlen.o)
                                  0x8 (size before relaxing)
 .ARM.exidx     0x08011d68        0x0 C:/ST/STM32CubeCLT_1.17.0/GNU-tools-for-STM32/bin/../lib/gcc/arm-none-eabi/12.3.1/../../../../arm-none-eabi/lib/thumb/v7e-m+fp/hard\libc_nano.a(libc_a-strcmp.o)
                                  0x8 (size before relaxing)
 .ARM.exidx     0x08011d68        0x0 C:/ST/STM32CubeCLT_1.17.0/GNU-tools-for-STM32/bin/../lib/gcc/arm-none-eabi/12.3.1/thumb/v7e-m+fp/hard\libgcc.a(_udivmoddi4.o)
                                  0x8 (size before relaxing)
                0x08011d68                        __exidx_end = .

.rel.dyn        0x08011d68        0x0
 .rel.iplt      0x08011d68        0x0 C:/ST/STM32CubeCLT_1.17.0/GNU-tools-for-STM32/bin/../lib/gcc/arm-none-eabi/12.3.1/thumb/v7e-m+fp/hard/crtbegin.o

.preinit_array  0x08011d68        0x0
                0x08011d68                        PROVIDE (__preinit_array_start = .)
 *(.preinit_array*)
                0x08011d68                        PROVIDE (__preinit_array_end = .)

.init_array     0x08011d68        0x4
                0x08011d68                        PROVIDE (__init_array_start = .)
 *(SORT_BY_NAME(.init_array.*))
 *(.init_array*)
 .init_array    0x08011d68        0x4 C:/ST/STM32CubeCLT_1.17.0/GNU-tools-for-STM32/bin/../lib/gcc/arm-none-eabi/12.3.1/thumb/v7e-m+fp/hard/crtbegin.o
                0x08011d6c                        PROVIDE (__init_array_end = .)

.fini_array     0x08011d6c        0x4
                [!provide]                        PROVIDE (__fini_array_start = .)
 *(SORT_BY_NAME(.fini_array.*))
 *(.fini_array*)
 .fini_array    0x08011d6c        0x4 C:/ST/STM32CubeCLT_1.17.0/GNU-tools-for-STM32/bin/../lib/gcc/arm-none-eabi/12.3.1/thumb/v7e-m+fp/hard/crtbegin.o
                [!provide]                        PROVIDE (__fini_array_end = .)
                0x08011d70                        _sidata = LOADADDR (.data)

.data           0x20000000      0x328 load address 0x08011d70
                0x20000000                        . = ALIGN (0x4)
                0x20000000                        _sdata = .
 *(.data)
 *(.data*)
 .data.__sglue  0x20000000        0xc C:/ST/STM32CubeCLT_1.17.0/GNU-tools-for-STM32/bin/../lib/gcc/arm-none-eabi/12.3.1/../../../../arm-none-eabi/lib/thumb/v7e-m+fp/hard\libc_nano.a(libc_a-findfp.o)
                0x20000000                __sglue
 .data._impure_ptr
                0x2000000c        0x4 C:/ST/STM32CubeCLT_1.17.0/GNU-tools-for-STM32/bin/../lib/gcc/arm-none-eabi/12.3.1/../../../../arm-none-eabi/lib/thumb/v7e-m+fp/hard\libc_nano.a(libc_a-impure.o)
                0x2000000c                _impure_ptr
 .data._impure_data
                0x20000010       0x4c C:/ST/STM32CubeCLT_1.17.0/GNU-tools-for-STM32/bin/../lib/gcc/arm-none-eabi/12.3.1/../../../../arm-none-eabi/lib/thumb/v7e-m+fp/hard\libc_nano.a(libc_a-impure.o)
                0x20000010                _impure_data
 .data.__global_locale
                0x2000005c      0x16c C:/ST/STM32CubeCLT_1.17.0/GNU-tools-for-STM32/bin/../lib/gcc/arm-none-eabi/12.3.1/../../../../arm-none-eabi/lib/thumb/v7e-m+fp/hard\libc_nano.a(libc_a-locale.o)
                0x2000005c                __global_locale
 .data.menu1    0x200001c8       0x18 CMakeFiles/PMIK.dir/Core/Src/main.c.obj
                0x200001c8                menu1
 .data.submenu1_1
                0x200001e0       0x18 CMakeFiles/PMIK.dir/Core/Src/main.c.obj
                0x200001e0                submenu1_1
 .data.submenu1_2
                0x200001f8       0x18 CMakeFiles/PMIK.dir/Core/Src/main.c.obj
                0x200001f8                submenu1_2
 .data.submenu1_3
                0x20000210       0x18 CMakeFiles/PMIK.dir/Core/Src/main.c.obj
                0x20000210                submenu1_3
 .data.submenu1_4
                0x20000228       0x18 CMakeFiles/PMIK.dir/Core/Src/main.c.obj
                0x20000228                submenu1_4
 .data.menu2    0x20000240       0x18 CMakeFiles/PMIK.dir/Core/Src/main.c.obj
                0x20000240                menu2
 .data.menu3    0x20000258       0x18 CMakeFiles/PMIK.dir/Core/Src/main.c.obj
                0x20000258                menu3
 .data.submenu3_1
                0x20000270       0x18 CMakeFiles/PMIK.dir/Core/Src/main.c.obj
                0x20000270                submenu3_1
 .data.menu4    0x20000288       0x18 CMakeFiles/PMIK.dir/Core/Src/main.c.obj
                0x20000288                menu4
 .data.currentMenu
                0x200002a0        0x4 CMakeFiles/PMIK.dir/Core/Src/main.c.obj
                0x200002a0                currentMenu
 .data.markerRow
                0x200002a4        0x1 CMakeFiles/PMIK.dir/Core/Src/main.c.obj
                0x200002a4                markerRow
 *fill*         0x200002a5        0x3 
 .data.socknumlist
                0x200002a8        0x6 CMakeFiles/PMIK.dir/Core/Src/main.c.obj
                0x200002a8                socknumlist
 *fill*         0x200002ae        0x2 
 .data.net_info
                0x200002b0       0x17 CMakeFiles/PMIK.dir/Core/Src/main.c.obj
                0x200002b0                net_info
 *fill*         0x200002c7        0x1 
 .data.sock_any_port
                0x200002c8        0x2 CMakeFiles/PMIK.dir/Core/Src/socket.c.obj
 *fill*         0x200002ca        0x2 
 .data.WIZCHIP  0x200002cc       0x2c CMakeFiles/PMIK.dir/Core/Src/wizchip_conf.c.obj
                0x200002cc                WIZCHIP
 .data.HTTPServer_ReStart
                0x200002f8        0x4 CMakeFiles/PMIK.dir/Core/Src/httpServer.c.obj
                0x200002f8                HTTPServer_ReStart
 .data.HTTPServer_WDT_Reset
                0x200002fc        0x4 CMakeFiles/PMIK.dir/Core/Src/httpServer.c.obj
                0x200002fc                HTTPServer_WDT_Reset
 .data.dhcp_lease_time
                0x20000300        0x4 CMakeFiles/PMIK.dir/Core/Src/dhcp.c.obj
                0x20000300                dhcp_lease_time
 .data.dhcp_tick_next
                0x20000304        0x4 CMakeFiles/PMIK.dir/Core/Src/dhcp.c.obj
                0x20000304                dhcp_tick_next
 .data.HOST_NAME
                0x20000308        0x8 CMakeFiles/PMIK.dir/Core/Src/dhcp.c.obj
                0x20000308                HOST_NAME
 .data.dhcp_ip_assign
                0x20000310        0x4 CMakeFiles/PMIK.dir/Core/Src/dhcp.c.obj
                0x20000310                dhcp_ip_assign